 Default

 Timestamp is 54500201 (Tue Oct 28 21:52:17 2014)

 Preferred load address is 10000000

 Start         Length     Name                   Class
 0001:00000000 0000005cH .text$di                CODE
 0001:00000060 000178f2H .text$mn                CODE
 0001:00017960 0000003aH .text$x                 CODE
 0001:000179a0 0000003aH .text$yd                CODE
 0002:00000000 00000194H .idata$5                DATA
 0002:00000194 00000004H .CRT$XCA                DATA
 0002:00000198 00000014H .CRT$XCU                DATA
 0002:000001ac 00000004H .CRT$XCZ                DATA
 0002:000001b0 00000004H .CRT$XIA                DATA
 0002:000001b4 00000004H .CRT$XIAA               DATA
 0002:000001b8 00000004H .CRT$XIC                DATA
 0002:000001bc 00000004H .CRT$XIZ                DATA
 0002:000001c0 00002120H .rdata                  DATA
 0002:000022e0 00000000H .rdata$r                DATA
 0002:000022e0 00000014H .rdata$sxdata           DATA
 0002:000022f4 00000004H .rtc$IAA                DATA
 0002:000022f8 00000004H .rtc$IZZ                DATA
 0002:000022fc 00000004H .rtc$TAA                DATA
 0002:00002300 00000004H .rtc$TZZ                DATA
 0002:00002308 000001fcH .xdata$x                DATA
 0002:00002510 00003b34H .edata                  DATA
 0002:00006044 0000003cH .idata$2                DATA
 0002:00006080 00000014H .idata$3                DATA
 0002:00006094 00000194H .idata$4                DATA
 0002:00006228 0000072eH .idata$6                DATA
 0003:00000000 000010e0H .data                   DATA
 0003:000010e0 00000000H .data$r                 DATA
 0003:000010e0 00001908H .bss                    DATA
 0004:00000000 00000058H .rsrc$01                DATA
 0004:00000060 000003d8H .rsrc$02                DATA

  Address         Publics by Value              Rva+Base       Lib:Object

 0000:00000000       __except_list              00000000     <absolute>
 0000:00000000       ___guard_fids_count        00000000     <absolute>
 0000:00000000       ___guard_fids_table        00000000     <absolute>
 0000:00000000       ___guard_flags             00000000     <absolute>
 0000:00000005       ___safe_se_handler_count   00000005     <absolute>
 0000:00009876       __ldused                   00009876     <absolute>
 0000:00009876       __fltused                  00009876     <absolute>
 0000:00000000       ___ImageBase               10000000     <linker-defined>
 0001:00000060       ??_E_Iostream_error_category@std@@UAEPAXI@Z 10001060 f i * CIL library *:* CIL module *
 0001:00000060       ??_G_System_error_category@std@@UAEPAXI@Z 10001060 f i concurrent_hash_map.obj
 0001:00000060       ??_Eerror_category@std@@UAEPAXI@Z 10001060 f i * CIL library *:* CIL module *
 0001:00000060       ??_E_Generic_error_category@std@@UAEPAXI@Z 10001060 f i * CIL library *:* CIL module *
 0001:00000060       ??_E_System_error_category@std@@UAEPAXI@Z 10001060 f i * CIL library *:* CIL module *
 0001:00000060       ??_G_Generic_error_category@std@@UAEPAXI@Z 10001060 f i concurrent_hash_map.obj
 0001:00000060       ??_G_Iostream_error_category@std@@UAEPAXI@Z 10001060 f i concurrent_hash_map.obj
 0001:00000060       ??_Gerror_category@std@@UAEPAXI@Z 10001060 f i concurrent_hash_map.obj
 0001:00000080       ?default_error_condition@error_category@std@@UBE?AVerror_condition@2@H@Z 10001080 f i concurrent_hash_map.obj
 0001:00000090       ?equivalent@error_category@std@@UBE_NHABVerror_condition@2@@Z 10001090 f i concurrent_hash_map.obj
 0001:000000d0       ?equivalent@error_category@std@@UBE_NABVerror_code@2@H@Z 100010d0 f i concurrent_hash_map.obj
 0001:000000f0       ?name@_Generic_error_category@std@@UBEPBDXZ 100010f0 f i concurrent_hash_map.obj
 0001:00000100       ?message@_Generic_error_category@std@@UBE?AV?$basic_string@DU?$char_traits@D@std@@V?$allocator@D@2@@2@H@Z 10001100 f i concurrent_hash_map.obj
 0001:00000170       ?name@_Iostream_error_category@std@@UBEPBDXZ 10001170 f i concurrent_hash_map.obj
 0001:00000180       ?message@_Iostream_error_category@std@@UBE?AV?$basic_string@DU?$char_traits@D@std@@V?$allocator@D@2@@2@H@Z 10001180 f i concurrent_hash_map.obj
 0001:000001c0       ?name@_System_error_category@std@@UBEPBDXZ 100011c0 f i concurrent_hash_map.obj
 0001:000001d0       ?message@_System_error_category@std@@UBE?AV?$basic_string@DU?$char_traits@D@std@@V?$allocator@D@2@@2@H@Z 100011d0 f i concurrent_hash_map.obj
 0001:00000240       ?default_error_condition@_System_error_category@std@@UBE?AVerror_condition@2@H@Z 10001240 f i concurrent_hash_map.obj
 0001:00000270       ?internal_grow_predicate@hash_map_segment_base@internal@tbb@@QBE_NXZ 10001270 f   concurrent_hash_map.obj
 0001:00000290       ?assign@?$basic_string@DU?$char_traits@D@std@@V?$allocator@D@2@@std@@QAEAAV12@ABV12@II@Z 10001290 f i concurrent_hash_map.obj
 0001:00000350       ?assign@?$basic_string@DU?$char_traits@D@std@@V?$allocator@D@2@@std@@QAEAAV12@PBDI@Z 10001350 f i concurrent_hash_map.obj
 0001:00000450       ?erase@?$basic_string@DU?$char_traits@D@std@@V?$allocator@D@2@@std@@QAEAAV12@II@Z 10001450 f i concurrent_hash_map.obj
 0001:000004d0       ?_Grow@?$basic_string@DU?$char_traits@D@std@@V?$allocator@D@2@@std@@QAE_NI_N@Z 100014d0 f i concurrent_hash_map.obj
 0001:00000520       ?_Copy@?$basic_string@DU?$char_traits@D@std@@V?$allocator@D@2@@std@@QAEXII@Z 10001520 f i concurrent_hash_map.obj
 0001:00000660       ?allocate@?$_Wrap_alloc@V?$allocator@D@std@@@std@@QAEPADI@Z 10001660 f i concurrent_hash_map.obj
 0001:00000690       ?__TBB_LockByte@@YAEAAE@Z  10001690 f i concurrent_queue.obj
 0001:000006e0       ?commit_wait@concurrent_monitor@internal@tbb@@QAE_NAAVthread_context@123@@Z 100016e0 f i concurrent_queue.obj
 0001:00000790       ?push@micro_queue@internal@tbb@@QAEXPBXIAAVconcurrent_queue_base_v3@23@W4copy_specifics@423@@Z 10001790 f   concurrent_queue.obj
 0001:00000930       ?pop@micro_queue@internal@tbb@@QAE_NPAXIAAVconcurrent_queue_base_v3@23@@Z 10001930 f   concurrent_queue.obj
 0001:00000a50       ?assign@micro_queue@internal@tbb@@QAEAAU123@ABU123@AAVconcurrent_queue_base_v3@23@W4copy_specifics@423@@Z 10001a50 f   concurrent_queue.obj
 0001:00000b50       ?make_copy@micro_queue@internal@tbb@@QAEPAUpage@concurrent_queue_base_v3@23@AAV523@PBU4523@IIAAIW4copy_specifics@523@@Z 10001b50 f   concurrent_queue.obj
 0001:00000bc0       ??0concurrent_queue_base_v3@internal@tbb@@IAE@I@Z 10001bc0 f   concurrent_queue.obj
 0001:00000cf0       ??_Econcurrent_queue_base_v3@internal@tbb@@MAEPAXI@Z 10001cf0 f i * CIL library *:* CIL module *
 0001:00000cf0       ??_Gconcurrent_queue_base_v3@internal@tbb@@MAEPAXI@Z 10001cf0 f i concurrent_queue.obj
 0001:00000d20       ??1concurrent_queue_base_v3@internal@tbb@@MAE@XZ 10001d20 f   concurrent_queue.obj
 0001:00000d40       ?internal_push@concurrent_queue_base_v3@internal@tbb@@IAEXPBX@Z 10001d40 f   concurrent_queue.obj
 0001:00000d50       ?internal_push_move@concurrent_queue_base_v8@internal@tbb@@IAEXPBX@Z 10001d50 f   concurrent_queue.obj
 0001:00000d60       ?internal_insert_item@concurrent_queue_base_v3@internal@tbb@@IAEXPBXW4copy_specifics@123@@Z 10001d60 f   concurrent_queue.obj
 0001:00000fb0       ?internal_pop@concurrent_queue_base_v3@internal@tbb@@IAEXPAX@Z 10001fb0 f   concurrent_queue.obj
 0001:00001280       ?internal_abort@concurrent_queue_base_v3@internal@tbb@@IAEXXZ 10002280 f   concurrent_queue.obj
 0001:000012a0       ?internal_pop_if_present@concurrent_queue_base_v3@internal@tbb@@IAE_NPAX@Z 100022a0 f   concurrent_queue.obj
 0001:00001350       ?internal_push_if_not_full@concurrent_queue_base_v3@internal@tbb@@IAE_NPBX@Z 10002350 f   concurrent_queue.obj
 0001:00001360       ?internal_push_move_if_not_full@concurrent_queue_base_v8@internal@tbb@@IAE_NPBX@Z 10002360 f   concurrent_queue.obj
 0001:00001370       ?internal_insert_if_not_full@concurrent_queue_base_v3@internal@tbb@@IAE_NPBXW4copy_specifics@123@@Z 10002370 f   concurrent_queue.obj
 0001:00001420       ?internal_size@concurrent_queue_base_v3@internal@tbb@@IBEHXZ 10002420 f   concurrent_queue.obj
 0001:00001440       ?internal_empty@concurrent_queue_base_v3@internal@tbb@@IBE_NXZ 10002440 f   concurrent_queue.obj
 0001:00001480       ?internal_set_capacity@concurrent_queue_base@internal@tbb@@IAEXHI@Z 10002480 f   concurrent_queue_v2.obj
 0001:00001480       ?internal_set_capacity@concurrent_queue_base_v3@internal@tbb@@IAEXHI@Z 10002480 f   concurrent_queue.obj
 0001:000014a0       ?internal_finish_clear@concurrent_queue_base_v3@internal@tbb@@IAEXXZ 100024a0 f   concurrent_queue.obj
 0001:000014f0       ?internal_throw_exception@concurrent_queue_base_v3@internal@tbb@@IBEXXZ 100024f0 f   concurrent_queue.obj
 0001:00001530       ?internal_assign@concurrent_queue_base_v3@internal@tbb@@IAEXABV123@W4copy_specifics@123@@Z 10002530 f   concurrent_queue.obj
 0001:000015b0       ?assign@concurrent_queue_base_v3@internal@tbb@@IAEXABV123@@Z 100025b0 f   concurrent_queue.obj
 0001:000015c0       ?move_content@concurrent_queue_base_v8@internal@tbb@@IAEXAAV123@@Z 100025c0 f   concurrent_queue.obj
 0001:000015d0       ?get_item@concurrent_queue_iterator_rep@internal@tbb@@QAE_NAAPAXI@Z 100025d0 f i concurrent_queue.obj
 0001:00001640       ?initialize@concurrent_queue_iterator_base_v3@internal@tbb@@AAEXABVconcurrent_queue_base_v3@23@I@Z 10002640 f   concurrent_queue.obj
 0001:000016f0       ??0concurrent_queue_iterator_base_v3@internal@tbb@@IAE@ABVconcurrent_queue_base_v3@12@@Z 100026f0 f   concurrent_queue.obj
 0001:00001710       ??0concurrent_queue_iterator_base_v3@internal@tbb@@IAE@ABVconcurrent_queue_base_v3@12@I@Z 10002710 f   concurrent_queue.obj
 0001:00001730       ?assign@concurrent_queue_iterator_base_v3@internal@tbb@@IAEXABV123@@Z 10002730 f   concurrent_queue.obj
 0001:000017e0       ?advance@concurrent_queue_iterator_base_v3@internal@tbb@@IAEXXZ 100027e0 f   concurrent_queue.obj
 0001:00001830       ??1concurrent_queue_iterator_base_v3@internal@tbb@@IAE@XZ 10002830 f   concurrent_queue.obj
 0001:00001850       ?compare_and_swap@?$atomic_impl@PAVgeneric_scheduler@internal@tbb@@@internal@tbb@@QAEPAVgeneric_scheduler@23@PAV423@0@Z 10002850 f i task_group_context.obj
 0001:00001850       ?compare_and_swap@?$atomic_impl@I@internal@tbb@@QAEIII@Z 10002850 f i concurrent_queue.obj
 0001:00001890       ??$spin_wait_until_eq@U?$atomic@I@tbb@@I@internal@tbb@@YAXADU?$atomic@I@1@I@Z 10002890 f i concurrent_queue.obj
 0001:000018e0       ??$spin_wait_while_eq@U?$atomic@I@tbb@@I@internal@tbb@@YAXADU?$atomic@I@1@I@Z 100028e0 f i concurrent_queue.obj
 0001:000018e0       ??$spin_wait_while_eq@U?$atomic@PAVsegment_t@concurrent_vector_base_v3@internal@tbb@@@tbb@@PAVsegment_t@concurrent_vector_base_v3@internal@2@@internal@tbb@@YAXADU?$atomic@PAVsegment_t@concurrent_vector_base_v3@internal@tbb@@@1@PAVsegment_t@concurrent_vector_base_v3@01@@Z 100028e0 f i concurrent_vector.obj
 0001:00001930       ??$notify_relaxed@Upredicate_leq@internal@tbb@@@concurrent_monitor@internal@tbb@@QAEXABUpredicate_leq@12@@Z 10002930 f i concurrent_queue.obj
 0001:000019f0       ?acquire_segment@helper@concurrent_vector_base_v3@internal@tbb@@SAAAVsegment_t@234@AAV234@II_N@Z 100029f0 f i concurrent_vector.obj
 0001:00001a80       ?extend_segment_table@helper@concurrent_vector_base_v3@internal@tbb@@SAXAAV234@I@Z 10002a80 f   concurrent_vector.obj
 0001:00001c30       ?enable_segment@helper@concurrent_vector_base_v3@internal@tbb@@SAIAAV234@II_N@Z 10002c30 f   concurrent_vector.obj
 0001:00001db0       ?cleanup@helper@concurrent_vector_base_v3@internal@tbb@@QAEXXZ 10002db0 f   concurrent_vector.obj
 0001:00001ff0       ??1concurrent_vector_base_v3@internal@tbb@@IAE@XZ 10002ff0 f   concurrent_vector.obj
 0001:00002010       ?internal_capacity@concurrent_vector_base_v3@internal@tbb@@IBEIXZ 10003010 f   concurrent_vector.obj
 0001:00002050       ?internal_throw_exception@concurrent_vector_base_v3@internal@tbb@@IBEXI@Z 10003050 f   concurrent_vector.obj
 0001:000020b0       ?internal_reserve@concurrent_vector_base_v3@internal@tbb@@IAEXIII@Z 100030b0 f   concurrent_vector.obj
 0001:000021c0       ?internal_copy@concurrent_vector_base_v3@internal@tbb@@IAEXABV123@IP6AXPAXPBXI@Z@Z 100031c0 f   concurrent_vector.obj
 0001:000022e0       ?internal_assign@concurrent_vector_base_v3@internal@tbb@@IAEXABV123@IP6AXPAXI@ZP6AX1PBXI@Z4@Z 100032e0 f   concurrent_vector.obj
 0001:00002530       ?internal_push_back@concurrent_vector_base_v3@internal@tbb@@IAEPAXIAAI@Z 10003530 f   concurrent_vector.obj
 0001:000025d0       ?internal_grow_to_at_least@concurrent_vector_base_v3@internal@tbb@@IAEXIIP6AXPAXPBXI@Z1@Z 100035d0 f   concurrent_vector.obj
 0001:000025e0       ?internal_grow_to_at_least_with_result@concurrent_vector_base_v3@internal@tbb@@IAEIIIP6AXPAXPBXI@Z1@Z 100035e0 f   concurrent_vector.obj
 0001:00002720       ?internal_grow_by@concurrent_vector_base_v3@internal@tbb@@IAEIIIP6AXPAXPBXI@Z1@Z 10003720 f   concurrent_vector.obj
 0001:00002770       ?internal_grow@concurrent_vector_base_v3@internal@tbb@@IAEXIIIP6AXPAXPBXI@Z1@Z 10003770 f   concurrent_vector.obj
 0001:000029c0       ?internal_resize@concurrent_vector_base_v3@internal@tbb@@IAEXIIIPBXP6AXPAXI@ZP6AX10I@Z@Z 100039c0 f   concurrent_vector.obj
 0001:00002ad0       ?internal_clear@concurrent_vector_base_v3@internal@tbb@@IAEIP6AXPAXI@Z@Z 10003ad0 f   concurrent_vector.obj
 0001:00002b80       ?internal_compact@concurrent_vector_base_v3@internal@tbb@@IAEPAXIPAXP6AX0I@ZP6AX0PBXI@Z@Z 10003b80 f   concurrent_vector.obj
 0001:00002ec0       ?internal_swap@concurrent_vector_base_v3@internal@tbb@@IAEXAAV123@@Z 10003ec0 f   concurrent_vector.obj
 0001:00002f70       ??$spin_wait_while@Usegment_not_used_predicate@helper@concurrent_vector_base_v3@internal@tbb@@@internal@tbb@@YAXUsegment_not_used_predicate@helper@concurrent_vector_base_v3@01@@Z 10003f70 f i concurrent_vector.obj
 0001:00002fb0       ??$apply@Uinit_body@helper@concurrent_vector_base_v3@internal@tbb@@@helper@concurrent_vector_base_v3@internal@tbb@@QAEIABUinit_body@0123@@Z 10003fb0 f i concurrent_vector.obj
 0001:00003070       ??$apply@Usafe_init_body@helper@concurrent_vector_base_v3@internal@tbb@@@helper@concurrent_vector_base_v3@internal@tbb@@QAEIABUsafe_init_body@0123@@Z 10004070 f i concurrent_vector.obj
 0001:00003190       ??$apply@Udestroy_body@helper@concurrent_vector_base_v3@internal@tbb@@@helper@concurrent_vector_base_v3@internal@tbb@@QAEIABUdestroy_body@0123@@Z 10004190 f i concurrent_vector.obj
 0001:00003270       ??$_Uninit_fill_n@PAVsegment_t@concurrent_vector_base_v3@internal@tbb@@IV1234@@std@@YAPAVsegment_t@concurrent_vector_base_v3@internal@tbb@@PAV1234@IABV1234@U_Nonscalar_ptr_iterator_tag@0@@Z 10004270 f i concurrent_vector.obj
 0001:000034a0       ?dynamic_load@internal@tbb@@YAPAUHINSTANCE__@@PBDQBUdynamic_link_descriptor@12@I@Z 100044a0 f   dynamic_link.obj
 0001:00003530       ?dynamic_link@internal@tbb@@YA_NPBDQBUdynamic_link_descriptor@12@IPAPAUHINSTANCE__@@H@Z 10004530 f   dynamic_link.obj
 0001:000035e0       ??$atomic_do_once@P6AXXZ@internal@tbb@@YAXABQ6AXXZAAU?$atomic@W4do_once_state@internal@tbb@@@1@@Z 100045e0 f i dynamic_link.obj
 0001:000082a0       ?register_pending_exception@task_group_context@tbb@@QAEXXZ 100092a0 f   task_group_context.obj
 0001:000082a0       ?throw_self@captured_exception@tbb@@UAEXXZ 100092a0 f   task_group_context.obj
 0001:000082a0       ?internal_destroy@reader_writer_lock@interface5@tbb@@AAEXXZ 100092a0 f   reader_writer_lock.obj
 0001:000085c0       ___itt_fini_ittlib         100095c0 f   itt_notify.obj
 0001:00008640       ___itt_init_ittlib         10009640 f   itt_notify.obj
 0001:000088c0       ?initialize_handler_pointers@internal@tbb@@YAXXZ 100098c0 f   cache_aligned_allocator.obj
 0001:00008a60       ?NFS_GetLineSize@internal@tbb@@YAIXZ 10009a60 f   cache_aligned_allocator.obj
 0001:00008a70       ?NFS_Allocate@internal@tbb@@YAPAXIIPAX@Z 10009a70 f   cache_aligned_allocator.obj
 0001:00008ae0       ?NFS_Free@internal@tbb@@YAXPAX@Z 10009ae0 f   cache_aligned_allocator.obj
 0001:00008b40       ?allocate_via_handler_v3@internal@tbb@@YAPAXI@Z 10009b40 f   cache_aligned_allocator.obj
 0001:00008b40       ?allocate_closure_v3@internal@tbb@@YAPAXI@Z 10009b40 f   tbb_thread.obj
 0001:00008b90       ?deallocate_via_handler_v3@internal@tbb@@YAXPAX@Z 10009b90 f   cache_aligned_allocator.obj
 0001:00008b90       ?free_closure_v3@internal@tbb@@YAXPAX@Z 10009b90 f   tbb_thread.obj
 0001:00008bb0       ?is_malloc_used_v3@internal@tbb@@YA_NXZ 10009bb0 f   cache_aligned_allocator.obj
 0001:00008be0       ??0task_group_context@tbb@@QAE@W4kind_type@01@I@Z 10009be0 f i pipeline.obj
 0001:00008c50       ??_Gwait_task@internal@interface7@tbb@@UAEPAXI@Z 10009c50 f i arena.obj
 0001:00008c50       ??_Epipeline_root_task@internal@tbb@@UAEPAXI@Z 10009c50 f i * CIL library *:* CIL module *
 0001:00008c50       ??_Ewait_task@internal@interface7@tbb@@UAEPAXI@Z 10009c50 f i * CIL library *:* CIL module *
 0001:00008c50       ??_Etask@tbb@@UAEPAXI@Z    10009c50 f i * CIL library *:* CIL module *
 0001:00008c50       ??_Gpipeline_root_task@internal@tbb@@UAEPAXI@Z 10009c50 f i pipeline.obj
 0001:00008c50       ??_Gtask@tbb@@UAEPAXI@Z    10009c50 f i pipeline.obj
 0001:00008c50       ??_Eempty_task@tbb@@UAEPAXI@Z 10009c50 f i * CIL library *:* CIL module *
 0001:00008c50       ??_Gempty_task@tbb@@UAEPAXI@Z 10009c50 f i arena.obj
 0001:00008c70       ??2@YAPAXIABVallocate_additional_child_of_proxy@internal@tbb@@@Z 10009c70 f i pipeline.obj
 0001:00008cb0       ?note_affinity@task@tbb@@UAEXG@Z 10009cb0 f i task.obj
 0001:00008cb0       ?inject_token@pipeline@tbb@@AAEXAAVtask@2@@Z 10009cb0 f i pipeline.obj
 0001:00008cb0       ?destroy_condvar_noop@internal@tbb@@YGXPAU_RTL_CONDITION_VARIABLE@@@Z 10009cb0 f i condition_variable.obj
 0001:00008cb0       ?independent_thread_number_changed@private_server@rml@internal@tbb@@UAEXH@Z 10009cb0 f i private_server.obj
 0001:00008cb0       ?unregister_master@private_server@rml@internal@tbb@@UAEXPAX@Z 10009cb0 f i private_server.obj
 0001:00008cb0       ?finalize@filter@tbb@@UAEXPAX@Z 10009cb0 f i pipeline.obj
 0001:00008cb0       ?register_master@private_server@rml@internal@tbb@@UAEXAAPAX@Z 10009cb0 f i private_server.obj
 0001:00008cc0       ??_Gfilter@tbb@@UAEPAXI@Z  10009cc0 f i pipeline.obj
 0001:00008cc0       ??_Efilter@tbb@@UAEPAXI@Z  10009cc0 f i * CIL library *:* CIL module *
 0001:00008d00       ??0input_buffer@internal@tbb@@QAE@_N0@Z 10009d00 f i pipeline.obj
 0001:00008d90       ?put_token@input_buffer@internal@tbb@@QAE_NAAUtask_info@23@_N@Z 10009d90 f i pipeline.obj
 0001:00008e80       ?return_item@input_buffer@internal@tbb@@QAE_NAAUtask_info@23@_N@Z 10009e80 f i pipeline.obj
 0001:00008ef0       ?grow@input_buffer@internal@tbb@@AAEXK@Z 10009ef0 f   pipeline.obj
 0001:00008fd0       ??0stage_task@internal@tbb@@QAE@AAVpipeline@2@@Z 10009fd0 f i pipeline.obj
 0001:00009010       ?spawn_stage_task@stage_task@internal@tbb@@QAEXABUtask_info@23@@Z 1000a010 f i pipeline.obj
 0001:000090b0       ??_Estage_task@internal@tbb@@UAEPAXI@Z 1000a0b0 f i * CIL library *:* CIL module *
 0001:000090b0       ??_Gstage_task@internal@tbb@@UAEPAXI@Z 1000a0b0 f i pipeline.obj
 0001:00009100       ?execute@stage_task@internal@tbb@@UAEPAVtask@3@XZ 1000a100 f   pipeline.obj
 0001:000094a0       ?execute@pipeline_root_task@internal@tbb@@EAEPAVtask@3@XZ 1000a4a0 f i pipeline.obj
 0001:00009660       ??0pipeline_root_task@internal@tbb@@QAE@AAVpipeline@2@@Z 1000a660 f i pipeline.obj
 0001:000096c0       ?clear_filters@pipeline@tbb@@AAEXXZ 1000a6c0 f   pipeline.obj
 0001:00009730       ??0pipeline@tbb@@QAE@XZ    1000a730 f   pipeline.obj
 0001:00009770       ??_Epipeline@tbb@@UAEPAXI@Z 1000a770 f i * CIL library *:* CIL module *
 0001:00009770       ??_Gpipeline@tbb@@UAEPAXI@Z 1000a770 f i pipeline.obj
 0001:000097a0       ??1pipeline@tbb@@UAE@XZ    1000a7a0 f   pipeline.obj
 0001:000097b0       ?clear@pipeline@tbb@@QAEXXZ 1000a7b0 f   pipeline.obj
 0001:00009870       ??_Ginput_buffer@internal@tbb@@QAEPAXI@Z 1000a870 f i pipeline.obj
 0001:000098c0       ?add_filter@pipeline@tbb@@QAEXAAVfilter@2@@Z 1000a8c0 f   pipeline.obj
 0001:00009a40       ?remove_filter@pipeline@tbb@@AAEXAAVfilter@2@@Z 1000aa40 f   pipeline.obj
 0001:00009ab0       ?run@pipeline@tbb@@QAEXIAAVtask_group_context@2@@Z 1000aab0 f   pipeline.obj
 0001:00009b70       ?run@pipeline@tbb@@QAEXI@Z 1000ab70 f   pipeline.obj
 0001:00009bc0       ??1filter@tbb@@UAE@XZ      1000abc0 f   pipeline.obj
 0001:00009be0       ?set_end_of_input@filter@tbb@@IAEXXZ 1000abe0 f   pipeline.obj
 0001:00009c00       ?process_item@thread_bound_filter@tbb@@QAE?AW4result_type@12@XZ 1000ac00 f   pipeline.obj
 0001:00009c10       ?try_process_item@thread_bound_filter@tbb@@QAE?AW4result_type@12@XZ 1000ac10 f   pipeline.obj
 0001:00009c20       ?internal_process_item@thread_bound_filter@tbb@@AAE?AW4result_type@12@_N@Z 1000ac20 f   pipeline.obj
 0001:00009e10       ??$note_done@Vstage_task@internal@tbb@@@input_buffer@internal@tbb@@QAEXKAAVstage_task@12@@Z 1000ae10 f i pipeline.obj
 0001:00009eb0       ?acquire@scoped_lock@queuing_mutex@tbb@@QAEXAAV23@@Z 1000aeb0 f   queuing_mutex.obj
 0001:00009f30       ?try_acquire@scoped_lock@queuing_mutex@tbb@@QAE_NAAV23@@Z 1000af30 f   queuing_mutex.obj
 0001:00009fa0       ?release@scoped_lock@queuing_mutex@tbb@@QAEXXZ 1000afa0 f   queuing_mutex.obj
 0001:0000a010       ?internal_construct@queuing_mutex@tbb@@QAEXXZ 1000b010 f   queuing_mutex.obj
 0001:0000a030       ??$spin_wait_while_eq@PAVscoped_lock@reader_writer_lock@interface5@tbb@@PAV1234@@internal@tbb@@YAXADSAVscoped_lock@reader_writer_lock@interface5@1@PAV2341@@Z 1000b030 f i reader_writer_lock.obj
 0001:0000a030       ??$spin_wait_while_eq@PAVscoped_lock@queuing_mutex@tbb@@PAV123@@internal@tbb@@YAXADSAVscoped_lock@queuing_mutex@1@PAV231@@Z 1000b030 f i queuing_mutex.obj
 0001:0000a030       ??$spin_wait_while_eq@PAXPAX@internal@tbb@@YAXADSAXPAX@Z 1000b030 f i concurrent_vector_v2.obj
 0001:0000a030       ??$spin_wait_while_eq@PAVscoped_lock@queuing_rw_mutex@tbb@@PAX@internal@tbb@@YAXADSAVscoped_lock@queuing_rw_mutex@1@PAX@Z 1000b030 f i queuing_rw_mutex.obj
 0001:0000a030       ??$spin_wait_while_eq@PAVtask_group_context@tbb@@PAV12@@internal@tbb@@YAXADSAVtask_group_context@1@PAV21@@Z 1000b030 f i arena.obj
 0001:0000a030       ??$spin_wait_while_eq@IK@internal@tbb@@YAXADIK@Z 1000b030 f i queuing_mutex.obj
 0001:0000a070       ?acquire_internal_lock@scoped_lock@queuing_rw_mutex@tbb@@AAEXXZ 1000b070 f i queuing_rw_mutex.obj
 0001:0000a0b0       ?wait_for_release_of_internal_lock@scoped_lock@queuing_rw_mutex@tbb@@AAEXXZ 1000b0b0 f i queuing_rw_mutex.obj
 0001:0000a0f0       ?acquire@scoped_lock@queuing_rw_mutex@tbb@@QAEXAAV23@_N@Z 1000b0f0 f   queuing_rw_mutex.obj
 0001:0000a260       ?try_acquire@scoped_lock@queuing_rw_mutex@tbb@@QAE_NAAV23@_N@Z 1000b260 f   queuing_rw_mutex.obj
 0001:0000a2f0       ?release@scoped_lock@queuing_rw_mutex@tbb@@QAEXXZ 1000b2f0 f   queuing_rw_mutex.obj
 0001:0000a5c0       ?downgrade_to_reader@scoped_lock@queuing_rw_mutex@tbb@@QAE_NXZ 1000b5c0 f   queuing_rw_mutex.obj
 0001:0000a650       ?upgrade_to_writer@scoped_lock@queuing_rw_mutex@tbb@@QAE_NXZ 1000b650 f   queuing_rw_mutex.obj
 0001:0000aa80       ?internal_construct@queuing_rw_mutex@tbb@@QAEXXZ 1000ba80 f   queuing_rw_mutex.obj
 0001:0000aaa0       ??$spin_wait_until_eq@EH@internal@tbb@@YAXADEH@Z 1000baa0 f i queuing_rw_mutex.obj
 0001:0000aae0       ??$spin_wait_while_eq@PAVscoped_lock@queuing_rw_mutex@tbb@@PAV123@@internal@tbb@@YAXADSAVscoped_lock@queuing_rw_mutex@1@PAV231@@Z 1000bae0 f i queuing_rw_mutex.obj
 0001:0000ab20       ?fetch_and_or@interface5@tbb@@YAIAAU?$atomic@I@2@I@Z 1000bb20 f i reader_writer_lock.obj
 0001:0000aba0       ?fetch_and_and@interface5@tbb@@YAIAAU?$atomic@I@2@I@Z 1000bba0 f i reader_writer_lock.obj
 0001:0000ac10       ?internal_construct@reader_writer_lock@interface5@tbb@@AAEXXZ 1000bc10 f   reader_writer_lock.obj
 0001:0000ac40       ?lock@reader_writer_lock@interface5@tbb@@QAEXXZ 1000bc40 f   reader_writer_lock.obj
 0001:0000acc0       ?try_lock@reader_writer_lock@interface5@tbb@@QAE_NXZ 1000bcc0 f   reader_writer_lock.obj
 0001:0000ad40       ?start_write@reader_writer_lock@interface5@tbb@@AAE_NPAVscoped_lock@123@@Z 1000bd40 f   reader_writer_lock.obj
 0001:0000aec0       ?set_next_writer@reader_writer_lock@interface5@tbb@@AAEXPAVscoped_lock@123@@Z 1000bec0 f   reader_writer_lock.obj
 0001:0000af60       ?lock_read@reader_writer_lock@interface5@tbb@@QAEXXZ 1000bf60 f   reader_writer_lock.obj
 0001:0000b020       ?try_lock_read@reader_writer_lock@interface5@tbb@@QAE_NXZ 1000c020 f   reader_writer_lock.obj
 0001:0000b090       ?start_read@reader_writer_lock@interface5@tbb@@AAEXPAVscoped_lock_read@123@@Z 1000c090 f   reader_writer_lock.obj
 0001:0000b160       ?unblock_readers@reader_writer_lock@interface5@tbb@@AAEXXZ 1000c160 f   reader_writer_lock.obj
 0001:0000b1d0       ?unlock@reader_writer_lock@interface5@tbb@@QAEXXZ 1000c1d0 f   reader_writer_lock.obj
 0001:0000b240       ?end_write@reader_writer_lock@interface5@tbb@@AAEXPAVscoped_lock@123@@Z 1000c240 f   reader_writer_lock.obj
 0001:0000b300       ?internal_construct@scoped_lock@reader_writer_lock@interface5@tbb@@AAEXAAV234@@Z 1000c300 f   reader_writer_lock.obj
 0001:0000b370       ?internal_construct@scoped_lock_read@reader_writer_lock@interface5@tbb@@AAEXAAV234@@Z 1000c370 f   reader_writer_lock.obj
 0001:0000b3e0       ?internal_destroy@scoped_lock@reader_writer_lock@interface5@tbb@@AAEXXZ 1000c3e0 f   reader_writer_lock.obj
 0001:0000b400       ?internal_destroy@scoped_lock_read@reader_writer_lock@interface5@tbb@@AAEXXZ 1000c400 f   reader_writer_lock.obj
 0001:0000b450       ??$spin_wait_while_eq@U?$atomic@W4status_t@reader_writer_lock@interface5@tbb@@@tbb@@W4status_t@reader_writer_lock@interface5@2@@internal@tbb@@YAXADU?$atomic@W4status_t@reader_writer_lock@interface5@tbb@@@1@W4status_t@reader_writer_lock@interface5@1@@Z 1000c450 f i reader_writer_lock.obj
 0001:0000b490       ??$spin_wait_until_and@U?$atomic@I@tbb@@I@interface5@tbb@@YAXADU?$atomic@I@1@I@Z 1000c490 f i reader_writer_lock.obj
 0001:0000b4d0       ??$spin_wait_while_geq@U?$atomic@I@tbb@@I@interface5@tbb@@YAXADU?$atomic@I@1@I@Z 1000c4d0 f i reader_writer_lock.obj
 0001:0000b510       ?internal_acquire_writer@spin_rw_mutex_v3@tbb@@AAE_NXZ 1000c510 f   spin_rw_mutex.obj
 0001:0000b5f0       ?internal_release_writer@spin_rw_mutex_v3@tbb@@AAEXXZ 1000c5f0 f   spin_rw_mutex.obj
 0001:0000b620       ?internal_acquire_reader@spin_rw_mutex_v3@tbb@@AAEXXZ 1000c620 f   spin_rw_mutex.obj
 0001:0000b6b0       ?internal_upgrade@spin_rw_mutex_v3@tbb@@AAE_NXZ 1000c6b0 f   spin_rw_mutex.obj
 0001:0000b7e0       ?internal_downgrade@spin_rw_mutex_v3@tbb@@AAEXXZ 1000c7e0 f   spin_rw_mutex.obj
 0001:0000b810       ?internal_release_reader@spin_rw_mutex_v3@tbb@@AAEXXZ 1000c810 f   spin_rw_mutex.obj
 0001:0000b840       ?internal_try_acquire_writer@spin_rw_mutex_v3@tbb@@AAE_NXZ 1000c840 f   spin_rw_mutex.obj
 0001:0000b8d0       ?internal_try_acquire_reader@spin_rw_mutex_v3@tbb@@AAE_NXZ 1000c8d0 f   spin_rw_mutex.obj
 0001:0000b930       ?internal_construct@spin_rw_mutex_v3@tbb@@AAEXXZ 1000c930 f   spin_rw_mutex.obj
 0001:0000b950       ?internal_acquire@scoped_lock@spin_mutex@tbb@@AAEXAAV23@@Z 1000c950 f   spin_mutex.obj
 0001:0000b990       ?internal_release@scoped_lock@spin_mutex@tbb@@AAEXXZ 1000c990 f   spin_mutex.obj
 0001:0000b9b0       ?internal_try_acquire@scoped_lock@spin_mutex@tbb@@AAE_NAAV23@@Z 1000c9b0 f   spin_mutex.obj
 0001:0000ba00       ?internal_construct@spin_mutex@tbb@@QAEXXZ 1000ca00 f   spin_mutex.obj
 0001:0000ba20       ?internal_construct@critical_section_v4@internal@tbb@@QAEXXZ 1000ca20 f   critical_section.obj
 0001:0000ba40       ?internal_acquire@scoped_lock@mutex@tbb@@AAEXAAV23@@Z 1000ca40 f   mutex.obj
 0001:0000ba90       ?internal_release@scoped_lock@mutex@tbb@@AAEXXZ 1000ca90 f   mutex.obj
 0001:0000bac0       ?internal_try_acquire@scoped_lock@mutex@tbb@@AAE_NAAV23@@Z 1000cac0 f   mutex.obj
 0001:0000baf0       ?internal_construct@mutex@tbb@@AAEXXZ 1000caf0 f   mutex.obj
 0001:0000bb30       ?internal_destroy@recursive_mutex@tbb@@AAEXXZ 1000cb30 f   recursive_mutex.obj
 0001:0000bb30       ?internal_destroy@mutex@tbb@@AAEXXZ 1000cb30 f   mutex.obj
 0001:0000bb50       ?internal_acquire@scoped_lock@recursive_mutex@tbb@@AAEXAAV23@@Z 1000cb50 f   recursive_mutex.obj
 0001:0000bb70       ?internal_release@scoped_lock@recursive_mutex@tbb@@AAEXXZ 1000cb70 f   recursive_mutex.obj
 0001:0000bb90       ?internal_try_acquire@scoped_lock@recursive_mutex@tbb@@AAE_NAAV23@@Z 1000cb90 f   recursive_mutex.obj
 0001:0000bbb0       ?internal_construct@recursive_mutex@tbb@@AAEXXZ 1000cbb0 f   recursive_mutex.obj
 0001:0000bbf0       ?init_condvar_using_event@internal@tbb@@YGXPAUcondition_variable_using_event@1interface5@2@@Z 1000cbf0 f   condition_variable.obj
 0001:0000bc30       ?sleep_condition_variable_cs_using_event@internal@tbb@@YGHPAUcondition_variable_using_event@1interface5@2@PAU_RTL_CRITICAL_SECTION@@K@Z 1000cc30 f   condition_variable.obj
 0001:0000bd00       ?wake_condition_variable_using_event@internal@tbb@@YGXPAUcondition_variable_using_event@1interface5@2@@Z 1000cd00 f   condition_variable.obj
 0001:0000bd40       ?wake_all_condition_variable_using_event@internal@tbb@@YGXPAUcondition_variable_using_event@1interface5@2@@Z 1000cd40 f   condition_variable.obj
 0001:0000bd80       ?destroy_condvar_using_event@internal@tbb@@YGXPAUcondition_variable_using_event@1interface5@2@@Z 1000cd80 f   condition_variable.obj
 0001:0000bdd0       ?init_condvar_module@internal@tbb@@YAXXZ 1000cdd0 f   condition_variable.obj
 0001:0000beb0       ?internal_initialize_condition_variable@internal@interface5@tbb@@YAXAATcondvar_impl_t@123@@Z 1000ceb0 f   condition_variable.obj
 0001:0000bee0       ?internal_destroy_condition_variable@internal@interface5@tbb@@YAXAATcondvar_impl_t@123@@Z 1000cee0 f   condition_variable.obj
 0001:0000bef0       ?internal_condition_variable_notify_one@internal@interface5@tbb@@YAXAATcondvar_impl_t@123@@Z 1000cef0 f   condition_variable.obj
 0001:0000bf00       ?internal_condition_variable_notify_all@internal@interface5@tbb@@YAXAATcondvar_impl_t@123@@Z 1000cf00 f   condition_variable.obj
 0001:0000bf10       ?internal_condition_variable_wait@internal@interface5@tbb@@YA_NAATcondvar_impl_t@123@PAVmutex@3@PBVinterval_t@tick_count@3@@Z 1000cf10 f   condition_variable.obj
 0001:0000bf90       ??$spin_wait_until_eq@HH@internal@tbb@@YAXADHH@Z 1000cf90 f i condition_variable.obj
 0001:0000bfd0       ?join@tbb_thread_v3@internal@tbb@@QAEXXZ 1000cfd0 f   tbb_thread.obj
 0001:0000c050       ?detach@tbb_thread_v3@internal@tbb@@QAEXXZ 1000d050 f   tbb_thread.obj
 0001:0000c090       ?internal_start@tbb_thread_v3@internal@tbb@@AAEXP6GIPAX@Z0@Z 1000d090 f   tbb_thread.obj
 0001:0000c0e0       ?hardware_concurrency@tbb_thread_v3@internal@tbb@@SAIXZ 1000d0e0 f   tbb_thread.obj
 0001:0000c0e0       ?default_num_threads@task_scheduler_init@tbb@@SAHXZ 1000d0e0 f   governor.obj
 0001:0000c120       ?thread_get_id_v3@internal@tbb@@YA?AVid@tbb_thread_v3@12@XZ 1000d120 f   tbb_thread.obj
 0001:0000c130       ?move_v3@internal@tbb@@YAXAAVtbb_thread_v3@12@0@Z 1000d130 f   tbb_thread.obj
 0001:0000c180       ?thread_yield_v3@internal@tbb@@YAXXZ 1000d180 f   tbb_thread.obj
 0001:0000c180       ?yield@private_server@rml@internal@tbb@@UAEXXZ 1000d180 f   private_server.obj
 0001:0000c190       ?thread_sleep_v3@internal@tbb@@YAXABVinterval_t@tick_count@2@@Z 1000d190 f   tbb_thread.obj
 0001:0000c290       ?init@thread_context@concurrent_monitor@internal@tbb@@AAEXXZ 1000d290 f   concurrent_monitor.obj
 0001:0000c2c0       ?prepare_wait@concurrent_monitor@internal@tbb@@QAEXAAVthread_context@123@I@Z 1000d2c0 f   concurrent_monitor.obj
 0001:0000c330       ?cancel_wait@concurrent_monitor@internal@tbb@@QAEXAAVthread_context@123@@Z 1000d330 f   concurrent_monitor.obj
 0001:0000c380       ?notify_all_relaxed@concurrent_monitor@internal@tbb@@QAEXXZ 1000d380 f   concurrent_monitor.obj
 0001:0000c430       ?abort_all_relaxed@concurrent_monitor@internal@tbb@@QAEXXZ 1000d430 f   concurrent_monitor.obj
 0001:0000c4f0       ?launch@thread_monitor@internal@rml@@SAPAXP6GIPAX@Z0IPBI@Z 1000d4f0 f i private_server.obj
 0001:0000c5b0       ?remove_server_ref@private_server@rml@internal@tbb@@AAEXXZ 1000d5b0 f i private_server.obj
 0001:0000c600       ?execute@empty_task@tbb@@EAEPAVtask@2@XZ 1000d600 f i arena.obj
 0001:0000c600       ?version@market@internal@tbb@@EBEIXZ 1000d600 f i market.obj
 0001:0000c600       ?version@private_server@rml@internal@tbb@@UBEIXZ 1000d600 f i private_server.obj
 0001:0000c610       ?request_close_connection@private_server@rml@internal@tbb@@UAEX_N@Z 1000d610 f i private_server.obj
 0001:0000c680       ?default_concurrency@private_server@rml@internal@tbb@@UBEIXZ 1000d680 f i private_server.obj
 0001:0000c6c0       ?thread_routine@private_worker@rml@internal@tbb@@CGIPAX@Z 1000d6c0 f   private_server.obj
 0001:0000c700       ?start_shutdown@private_worker@rml@internal@tbb@@AAEXXZ 1000d700 f   private_server.obj
 0001:0000c7b0       ?run@private_worker@rml@internal@tbb@@AAEXXZ 1000d7b0 f   private_server.obj
 0001:0000c930       ?wake_or_launch@private_worker@rml@internal@tbb@@AAEXXZ 1000d930 f i private_server.obj
 0001:0000ca10       ??0private_server@rml@internal@tbb@@QAE@AAVtbb_client@123@@Z 1000da10 f   private_server.obj
 0001:0000cb00       ??_Gprivate_server@rml@internal@tbb@@EAEPAXI@Z 1000db00 f i private_server.obj
 0001:0000cb00       ??_Eprivate_server@rml@internal@tbb@@EAEPAXI@Z 1000db00 f i * CIL library *:* CIL module *
 0001:0000cb60       ?try_insert_in_asleep_list@private_server@rml@internal@tbb@@AAE_NAAVprivate_worker@234@@Z 1000db60 f i private_server.obj
 0001:0000cbf0       ?wake_some@private_server@rml@internal@tbb@@AAEXH@Z 1000dbf0 f   private_server.obj
 0001:0000ccf0       ?adjust_job_count_estimate@private_server@rml@internal@tbb@@UAEXH@Z 1000dcf0 f   private_server.obj
 0001:0000cd30       ?open@tbb_factory@rml@internal@tbb@@QAE?AW4status_type@factory@2@XZ 1000dd30 f   rml_tbb.obj
 0001:0000ce40       ?set_assertion_handler@tbb@@YAP6AXPBDH00@ZP6AX0H00@Z@Z 1000de40 f   tbb_misc.obj
 0001:0000ce50       ?assertion_failure@tbb@@YAXPBDH00@Z 1000de50 f   tbb_misc.obj
 0001:0000ced0       ?runtime_warning@internal@tbb@@YAXPBDZZ 1000ded0 f   tbb_misc.obj
 0001:0000cf30       ?what@bad_last_alloc@tbb@@UBEPBDXZ 1000df30 f   tbb_misc.obj
 0001:0000cf40       ?what@improper_lock@tbb@@UBEPBDXZ 1000df40 f   tbb_misc.obj
 0001:0000cf50       ?what@user_abort@tbb@@UBEPBDXZ 1000df50 f   tbb_misc.obj
 0001:0000cf60       ?what@invalid_multiple_scheduling@tbb@@UBEPBDXZ 1000df60 f   tbb_misc.obj
 0001:0000cf70       ?what@missing_wait@tbb@@UBEPBDXZ 1000df70 f   tbb_misc.obj
 0001:0000cf80       ?handle_perror@internal@tbb@@YAXHPBD@Z 1000df80 f   tbb_misc.obj
 0001:0000d000       ?handle_win_error@internal@tbb@@YAXH@Z 1000e000 f   tbb_misc.obj
 0001:0000d060       ?throw_bad_last_alloc_exception_v4@internal@tbb@@YAXXZ 1000e060 f   tbb_misc.obj
 0001:0000d0a0       ?throw_exception_v4@internal@tbb@@YAXW4exception_id@12@@Z 1000e0a0 f   tbb_misc.obj
 0001:0000d250       ?PrintExtraVersionInfo@internal@tbb@@YAXPBD0ZZ 1000e250 f   tbb_misc.obj
 0001:0000d2c0       ?PrintRMLVersionInfo@internal@tbb@@YAXPAXPBD@Z 1000e2c0 f   tbb_misc.obj
 0001:0000d2e0       _TBB_runtime_interface_version 1000e2e0 f   tbb_misc.obj
 0001:0000d2f0       ___TBB_machine_store8_slow 1000e2f0 f   tbb_misc.obj
 0001:0000d5a0       ?FindProcessorGroupIndex@internal@tbb@@YAHH@Z 1000e5a0 f   tbb_misc_ex.obj
 0001:0000d650       ?local_scheduler@governor@internal@tbb@@SAPAVgeneric_scheduler@23@XZ 1000e650 f i task.obj
 0001:0000d6f0       ?allocate@allocate_root_proxy@internal@tbb@@SAAAVtask@3@I@Z 1000e6f0 f   task.obj
 0001:0000d730       ?free@allocate_root_proxy@internal@tbb@@SAXAAVtask@3@@Z 1000e730 f   task.obj
 0001:0000d760       ?allocate@allocate_root_with_context_proxy@internal@tbb@@QBEAAVtask@3@I@Z 1000e760 f   task.obj
 0001:0000d800       ?free@allocate_child_proxy@internal@tbb@@QBEXAAVtask@3@@Z 1000e800 f   task.obj
 0001:0000d800       ?free@allocate_root_with_context_proxy@internal@tbb@@QBEXAAVtask@3@@Z 1000e800 f   task.obj
 0001:0000d840       ?allocate@allocate_continuation_proxy@internal@tbb@@QBEAAVtask@3@I@Z 1000e840 f   task.obj
 0001:0000d870       ?free@allocate_continuation_proxy@internal@tbb@@QBEXAAVtask@3@@Z 1000e870 f   task.obj
 0001:0000d8b0       ?allocate@allocate_child_proxy@internal@tbb@@QBEAAVtask@3@I@Z 1000e8b0 f   task.obj
 0001:0000d8d0       ?allocate@allocate_additional_child_of_proxy@internal@tbb@@QBEAAVtask@3@I@Z 1000e8d0 f   task.obj
 0001:0000d910       ?free@allocate_additional_child_of_proxy@internal@tbb@@QBEXAAVtask@3@@Z 1000e910 f   task.obj
 0001:0000d990       ?get_initial_auto_partitioner_divisor@internal@tbb@@YAIXZ 1000e990 f   task.obj
 0001:0000d9b0       ?resize@affinity_partitioner_base_v3@internal@tbb@@AAEXI@Z 1000e9b0 f   task.obj
 0001:0000da20       ?internal_set_ref_count@task@tbb@@AAEXH@Z 1000ea20 f   task.obj
 0001:0000da50       ?internal_decrement_ref_count@task@tbb@@AAEHXZ 1000ea50 f   task.obj
 0001:0000dab0       ?self@task@tbb@@SAAAV12@XZ 1000eab0 f   task.obj
 0001:0000dac0       ?is_owned_by_current_thread@task@tbb@@QBE_NXZ 1000eac0 f   task.obj
 0001:0000dad0       ?destroy@task_base@internal@interface5@tbb@@SAXAAVtask@4@@Z 1000ead0 f   task.obj
 0001:0000db70       ?spawn_and_wait_for_all@task@tbb@@QAEXAAVtask_list@2@@Z 1000eb70 f   task.obj
 0001:0000dbc0       ?change_group@task@tbb@@QAEXAAVtask_group_context@2@@Z 1000ebc0 f   task.obj
 0001:0000dc40       ?get_env@cpu_ctl_env@internal@tbb@@QAEXXZ 1000ec40 f i task_group_context.obj
 0001:0000dc60       ??_Ecaptured_exception@tbb@@UAEPAXI@Z 1000ec60 f i * CIL library *:* CIL module *
 0001:0000dc60       ??_Gcaptured_exception@tbb@@UAEPAXI@Z 1000ec60 f i task_group_context.obj
 0001:0000dcb0       ?release@scoped_lock@spin_rw_mutex_v3@tbb@@QAEXXZ 1000ecb0 f i task_group_context.obj
 0001:0000dcf0       ?duplicate_string@tbb@@YAPADPBD@Z 1000ecf0 f i task_group_context.obj
 0001:0000dd70       ??1captured_exception@tbb@@UAE@XZ 1000ed70 f   task_group_context.obj
 0001:0000ddb0       ?set@captured_exception@tbb@@QAEXPBD0@Z 1000edb0 f   task_group_context.obj
 0001:0000ddd0       ?clear@captured_exception@tbb@@QAEXXZ 1000edd0 f   task_group_context.obj
 0001:0000de00       ?move@captured_exception@tbb@@UAEPAV12@XZ 1000ee00 f   task_group_context.obj
 0001:0000de80       ?destroy@captured_exception@tbb@@UAEXXZ 1000ee80 f   task_group_context.obj
 0001:0000ded0       ?min_stack_size@market@internal@tbb@@EBEIXZ 1000eed0 f   market.obj
 0001:0000ded0       ?name@captured_exception@tbb@@UBEPBDXZ 1000eed0 f   task_group_context.obj
 0001:0000dee0       ?what@captured_exception@tbb@@UBEPBDXZ 1000eee0 f   task_group_context.obj
 0001:0000dee0       ?max_job_count@market@internal@tbb@@EBEIXZ 1000eee0 f   market.obj
 0001:0000def0       ??1task_group_context@tbb@@QAE@XZ 1000eef0 f   task_group_context.obj
 0001:0000e0d0       ?init@task_group_context@tbb@@IAEXXZ 1000f0d0 f   task_group_context.obj
 0001:0000e130       ?register_with@task_group_context@tbb@@QAEXPAVgeneric_scheduler@internal@2@@Z 1000f130 f   task_group_context.obj
 0001:0000e1e0       ?bind_to@task_group_context@tbb@@QAEXPAVgeneric_scheduler@internal@2@@Z 1000f1e0 f   task_group_context.obj
 0001:0000e2d0       ?cancel_group_execution@task_group_context@tbb@@QAE_NXZ 1000f2d0 f   task_group_context.obj
 0001:0000e340       ?is_group_execution_cancelled@task_group_context@tbb@@QBE_NXZ 1000f340 f   task_group_context.obj
 0001:0000e350       ?reset@task_group_context@tbb@@QAEXXZ 1000f350 f   task_group_context.obj
 0001:0000e390       ?capture_fp_settings@task_group_context@tbb@@QAEXXZ 1000f390 f   task_group_context.obj
 0001:0000e3b0       ?set_priority@task_group_context@tbb@@QAEXW4priority_t@2@@Z 1000f3b0 f   task_group_context.obj
 0001:0000e430       ?priority@task_group_context@tbb@@QBE?AW4priority_t@2@XZ 1000f430 f   task_group_context.obj
 0001:0000e440       ??$propagate_task_group_state@I@market@internal@tbb@@QAE_NPQtask_group_context@2@IAAV32@I@Z 1000f440 f i task_group_context.obj
 0001:0000e5a0       ??$propagate_task_group_state@H@market@internal@tbb@@QAE_NPQtask_group_context@2@HAAV32@H@Z 1000f5a0 f i task_group_context.obj
 0001:0000e700       ??$propagate_task_group_state@I@generic_scheduler@internal@tbb@@QAEXPQtask_group_context@2@IAAV32@I@Z 1000f700 f i task_group_context.obj
 0001:0000e780       ??$propagate_task_group_state@H@generic_scheduler@internal@tbb@@QAEXPQtask_group_context@2@HAAV32@H@Z 1000f780 f i task_group_context.obj
 0001:0000e820       ?initialize_cilk_interop@internal@tbb@@YA_NXZ 1000f820 f   governor.obj
 0001:0000e8c0       ?acquire_resources@governor@internal@tbb@@CAXXZ 1000f8c0 f   governor.obj
 0001:0000e920       ?release_resources@governor@internal@tbb@@CAXXZ 1000f920 f   governor.obj
 0001:0000e9a0       ?create_rml_server@governor@internal@tbb@@CAPAVtbb_server@rml@23@AAVtbb_client@523@@Z 1000f9a0 f   governor.obj
 0001:0000ea40       ?setBlockingTerminate@governor@internal@tbb@@SAXPBVtask_scheduler_init@3@@Z 1000fa40 f   governor.obj
 0001:0000ea90       ?init_scheduler@governor@internal@tbb@@SAPAVgeneric_scheduler@23@II_N@Z 1000fa90 f   governor.obj
 0001:0000eb40       ?print_version_info@governor@internal@tbb@@SAXXZ 1000fb40 f   governor.obj
 0001:0000eba0       ?stack_op_handler@governor@internal@tbb@@SAHW4__cilk_tbb_stack_op@@PAX@Z 1000fba0 f   governor.obj
 0001:0000ec20       ?initialize@task_scheduler_init@tbb@@QAEXH@Z 1000fc20 f   governor.obj
 0001:0000ec60       ?initialize@task_scheduler_init@tbb@@QAEXHI@Z 1000fc60 f   governor.obj
 0001:0000eca0       ?terminate@task_scheduler_init@tbb@@QAEXXZ 1000fca0 f   governor.obj
 0001:0000ecf0       ??$atomic_do_once@P6A_NXZ@internal@tbb@@YAXABQ6A_NXZAAU?$atomic@W4do_once_state@internal@tbb@@@1@@Z 1000fcf0 f i governor.obj
 0001:0000edb0       ?unlock@spin_rw_mutex_v3@tbb@@QAEXXZ 1000fdb0 f i market.obj
 0001:0000ede0       ?policy@market@internal@tbb@@EBE?AW4policy_type@client@rml@@XZ 1000fde0 f i market.obj
 0001:0000edf0       ??0market@internal@tbb@@AAE@II@Z 1000fdf0 f   market.obj
 0001:0000ee70       ?global_market@market@internal@tbb@@CAAAV123@II@Z 1000fe70 f   market.obj
 0001:0000ef70       ?wait_workers@market@internal@tbb@@QAEXXZ 1000ff70 f   market.obj
 0001:0000efd0       ?create_arena@market@internal@tbb@@SAAAVarena@23@II@Z 1000ffd0 f   market.obj
 0001:0000f0b0       ?try_destroy_arena@market@internal@tbb@@AAEXPAVarena@23@I@Z 100100b0 f   market.obj
 0001:0000f1d0       ?arena_in_need@market@internal@tbb@@AAEPAVarena@23@AAV?$intrusive_list@Varena@internal@tbb@@@23@AAPAV423@@Z 100101d0 f   market.obj
 0001:0000f240       ?arena_in_need@market@internal@tbb@@AAEPAVarena@23@PAV423@@Z 10010240 f   market.obj
 0001:0000f2d0       ?update_allotment@market@internal@tbb@@AAEXH@Z 100102d0 f   market.obj
 0001:0000f3e0       ?adjust_demand@market@internal@tbb@@QAEXAAVarena@23@H@Z 100103e0 f   market.obj
 0001:0000f5e0       ?process@market@internal@tbb@@EAEXAAVjob@rml@@@Z 100105e0 f   market.obj
 0001:0000f620       ?cleanup@market@internal@tbb@@EAEXAAVjob@rml@@@Z 10010620 f   market.obj
 0001:0000f6b0       ?acknowledge_close_connection@market@internal@tbb@@EAEXXZ 100106b0 f   market.obj
 0001:0000f6f0       ?create_one_job@market@internal@tbb@@EAEPAVjob@rml@@XZ 100106f0 f   market.obj
 0001:0000f790       ?update_arena_top_priority@market@internal@tbb@@AAEXAAVarena@23@H@Z 10010790 f   market.obj
 0001:0000f860       ?lower_arena_priority@market@internal@tbb@@QAE_NAAVarena@23@HI@Z 10010860 f   market.obj
 0001:0000f930       ?update_arena_priority@market@internal@tbb@@QAE_NAAVarena@23@H@Z 10010930 f   market.obj
 0001:0000fa40       ?set_env@cpu_ctl_env@internal@tbb@@QBEXXZ 10010a40 f i arena.obj
 0001:0000fa50       ?process@arena@internal@tbb@@AAEXAAVgeneric_scheduler@23@@Z 10010a50 f   arena.obj
 0001:0000fc50       ??0arena@internal@tbb@@AAE@AAVmarket@12@I@Z 10010c50 f   arena.obj
 0001:0000fe30       ??0arena_base@internal@tbb@@QAE@XZ 10010e30 f i arena.obj
 0001:0000fed0       ?free_arena@arena@internal@tbb@@AAEXXZ 10010ed0 f   arena.obj
 0001:0000ffe0       ?may_have_tasks@arena@internal@tbb@@AAE_NPAVgeneric_scheduler@23@AA_N1@Z 10010fe0 f i arena.obj
 0001:00010040       ?orphan_offloaded_tasks@arena@internal@tbb@@AAEXAAVgeneric_scheduler@23@@Z 10011040 f   arena.obj
 0001:000100c0       ?is_out_of_work@arena@internal@tbb@@AAE_NXZ 100110c0 f   arena.obj
 0001:000103c0       ?enqueue_task@arena@internal@tbb@@AAEXAAVtask@3@HAAVFastRandom@23@@Z 100113c0 f   arena.obj
 0001:00010460       ??0nested_arena_context@internal@tbb@@QAE@PAVgeneric_scheduler@12@PAVarena@12@_N2@Z 10011460 f i arena.obj
 0001:000104c0       ??1nested_arena_context@internal@tbb@@QAE@XZ 100114c0 f i arena.obj
 0001:00010500       ?nested_arena_entry@generic_scheduler@internal@tbb@@QAEXPAVarena@23@AAUnested_arena_context@23@_N@Z 10011500 f   arena.obj
 0001:00010620       ?nested_arena_exit@generic_scheduler@internal@tbb@@QAEXAAUnested_arena_context@23@@Z 10011620 f   arena.obj
 0001:00010700       ?internal_initialize@task_arena_base@internal@interface7@tbb@@IAEXXZ 10011700 f   arena.obj
 0001:000107f0       ?internal_terminate@task_arena_base@internal@interface7@tbb@@IAEXXZ 100117f0 f   arena.obj
 0001:00010810       ?internal_enqueue@task_arena_base@internal@interface7@tbb@@IBEXAAVtask@4@H@Z 10011810 f   arena.obj
 0001:00010840       ?execute@delegated_task@internal@interface7@tbb@@EAEPAVtask@4@XZ 10011840 f i arena.obj
 0001:00010890       ??_Gdelegated_task@internal@interface7@tbb@@EAEPAXI@Z 10011890 f i arena.obj
 0001:00010890       ??_Edelegated_task@internal@interface7@tbb@@EAEPAXI@Z 10011890 f i * CIL library *:* CIL module *
 0001:000108d0       ?internal_execute@task_arena_base@internal@interface7@tbb@@IBEXAAVdelegate_base@234@@Z 100118d0 f   arena.obj
 0001:00010d30       ?execute@wait_task@internal@interface7@tbb@@EAEPAVtask@4@XZ 10011d30 f i arena.obj
 0001:00010d80       ?internal_wait@task_arena_base@internal@interface7@tbb@@IBEXXZ 10011d80 f   arena.obj
 0001:00011030       ?internal_current_slot@task_arena_base@internal@interface7@tbb@@KAHXZ 10012030 f   arena.obj
 0001:00011050       ?initialize@?$task_stream@$02@internal@tbb@@QAEXI@Z 10012050 f i arena.obj
 0001:00011180       ??1?$task_stream@$02@internal@tbb@@QAE@XZ 10012180 f i arena.obj
 0001:00011250       ?push@?$task_stream@$02@internal@tbb@@QAEXPAVtask@3@HAAVFastRandom@23@@Z 10012250 f i arena.obj
 0001:00011300       ?push_back@?$deque@PAVtask@tbb@@V?$tbb_allocator@PAVtask@tbb@@@2@@std@@QAEXABQAVtask@tbb@@@Z 10012300 f i arena.obj
 0001:000113c0       ?_Growmap@?$deque@PAVtask@tbb@@V?$tbb_allocator@PAVtask@tbb@@@2@@std@@IAEXI@Z 100123c0 f i arena.obj
 0001:00011520       ??$atomic_update@IIU?$less@I@std@@@internal@tbb@@YAIAAU?$atomic@I@1@IU?$less@I@std@@@Z 10012520 f i arena.obj
 0001:00011570       ??$atomic_update@HHU?$less@H@std@@@internal@tbb@@YAHAAU?$atomic@H@1@HU?$less@H@std@@@Z 10012570 f i arena.obj
 0001:000115c0       ??$advertise_new_work@$0A@@arena@internal@tbb@@AAEXXZ 100125c0 f i arena.obj
 0001:00011690       ??$on_thread_leaving@$00@arena@internal@tbb@@AAEXXZ 10012690 f i arena.obj
 0001:00011750       ??$notify_relaxed@Vdelegated_task@internal@interface7@tbb@@@concurrent_monitor@internal@tbb@@QAEXABVdelegated_task@1interface7@2@@Z 10012750 f i arena.obj
 0001:00011810       ??$_Uninit_def_fill_n@PAPAPAVtask@tbb@@IV?$tbb_allocator@PAPAVtask@tbb@@@2@PAPAV12@@std@@YAXPAPAPAVtask@tbb@@IAAU?$_Wrap_alloc@V?$tbb_allocator@PAPAVtask@tbb@@@tbb@@@0@0U_Nonscalar_ptr_iterator_tag@0@@Z 10012810 f i arena.obj
 0001:00011880       ??$_Uninit_copy@PAPAPAVtask@tbb@@PAPAPAV12@V?$tbb_allocator@PAPAVtask@tbb@@@2@@std@@YAPAPAPAVtask@tbb@@PAPAPAV12@00AAU?$_Wrap_alloc@V?$tbb_allocator@PAPAVtask@tbb@@@tbb@@@0@U_Nonscalar_ptr_iterator_tag@0@@Z 10012880 f i arena.obj
 0001:000118f0       ?internal_pop@mail_outbox@internal@tbb@@AAEPAUtask_proxy@23@XZ 100128f0 f i scheduler.obj
 0001:00011990       ?commit_relocated_tasks@generic_scheduler@internal@tbb@@QAEXI@Z 10012990 f i scheduler.obj
 0001:000119e0       ??0generic_scheduler@internal@tbb@@IAE@PAVarena@12@I@Z 100129e0 f   scheduler.obj
 0001:00011b60       ??_G?$custom_scheduler@UDefaultSchedulerTraits@internal@tbb@@@internal@tbb@@UAEPAXI@Z 10012b60 f i scheduler.obj
 0001:00011b60       ??_Egeneric_scheduler@internal@tbb@@UAEPAXI@Z 10012b60 f i * CIL library *:* CIL module *
 0001:00011b60       ??_G?$custom_scheduler@UIntelSchedulerTraits@internal@tbb@@@internal@tbb@@UAEPAXI@Z 10012b60 f i scheduler.obj
 0001:00011b60       ??_E?$custom_scheduler@UIntelSchedulerTraits@internal@tbb@@@internal@tbb@@UAEPAXI@Z 10012b60 f i * CIL library *:* CIL module *
 0001:00011b60       ??_Ggeneric_scheduler@internal@tbb@@UAEPAXI@Z 10012b60 f i scheduler.obj
 0001:00011b60       ??_E?$custom_scheduler@UDefaultSchedulerTraits@internal@tbb@@@internal@tbb@@UAEPAXI@Z 10012b60 f i * CIL library *:* CIL module *
 0001:00011b80       ?cleanup_local_context_list@generic_scheduler@internal@tbb@@QAEXXZ 10012b80 f   scheduler.obj
 0001:00011c40       ?free_scheduler@generic_scheduler@internal@tbb@@QAEXXZ 10012c40 f   scheduler.obj
 0001:00011d10       ?allocate_task@generic_scheduler@internal@tbb@@QAEAAVtask@3@IPAV43@PAVtask_group_context@3@@Z 10012d10 f   scheduler.obj
 0001:00011dd0       ?free_nonlocal_small_task@generic_scheduler@internal@tbb@@QAEXAAVtask@3@@Z 10012dd0 f   scheduler.obj
 0001:00011e70       ?prepare_task_pool@generic_scheduler@internal@tbb@@QAEII@Z 10012e70 f   scheduler.obj
 0001:00011fa0       ?acquire_task_pool@generic_scheduler@internal@tbb@@QBEXXZ 10012fa0 f i scheduler.obj
 0001:00012050       ?lock_task_pool@generic_scheduler@internal@tbb@@QBEPAPAVtask@3@PAUarena_slot@23@@Z 10013050 f i scheduler.obj
 0001:00012110       ?prepare_for_spawning@generic_scheduler@internal@tbb@@QAEPAVtask@3@PAV43@@Z 10013110 f i scheduler.obj
 0001:000121b0       ?local_spawn@generic_scheduler@internal@tbb@@QAEXAAVtask@3@AAPAV43@@Z 100131b0 f   scheduler.obj
 0001:000123e0       ?local_spawn_root_and_wait@generic_scheduler@internal@tbb@@QAEXAAVtask@3@AAPAV43@@Z 100133e0 f   scheduler.obj
 0001:00012480       ?spawn@generic_scheduler@internal@tbb@@UAEXAAVtask@3@AAPAV43@@Z 10013480 f   scheduler.obj
 0001:000124a0       ?spawn_root_and_wait@generic_scheduler@internal@tbb@@UAEXAAVtask@3@AAPAV43@@Z 100134a0 f   scheduler.obj
 0001:000124c0       ?enqueue@generic_scheduler@internal@tbb@@UAEXAAVtask@3@PAX@Z 100134c0 f   scheduler.obj
 0001:000124e0       ?winnow_task_pool@generic_scheduler@internal@tbb@@QAEPAVtask@3@XZ 100134e0 f   scheduler.obj
 0001:00012710       ?reload_tasks@generic_scheduler@internal@tbb@@QAEPAVtask@3@AAPAV43@AAPAPAV43@H@Z 10013710 f   scheduler.obj
 0001:00012940       ?reload_tasks@generic_scheduler@internal@tbb@@QAEPAVtask@3@XZ 10013940 f   scheduler.obj
 0001:000129f0       ?get_task@generic_scheduler@internal@tbb@@QAEPAVtask@3@XZ 100139f0 f i scheduler.obj
 0001:00012b70       ?steal_task@generic_scheduler@internal@tbb@@QAEPAVtask@3@AAUarena_slot@23@@Z 10013b70 f   scheduler.obj
 0001:00012c80       ?get_mailbox_task@generic_scheduler@internal@tbb@@QAEPAVtask@3@XZ 10013c80 f   scheduler.obj
 0001:00012d50       ?create_worker@generic_scheduler@internal@tbb@@SAPAV123@AAVmarket@23@I@Z 10013d50 f   scheduler.obj
 0001:00012dd0       ?create_master@generic_scheduler@internal@tbb@@SAPAV123@AAVarena@23@@Z 10013dd0 f   scheduler.obj
 0001:00012ee0       ?cleanup_master@generic_scheduler@internal@tbb@@QAEXXZ 10013ee0 f   scheduler.obj
 0001:00013030       ?wait_for_all@?$custom_scheduler@UDefaultSchedulerTraits@internal@tbb@@@internal@tbb@@EAEXAAVtask@3@PAV43@@Z 10014030 f i scheduler.obj
 0001:00013050       ?allocate_scheduler@?$custom_scheduler@UDefaultSchedulerTraits@internal@tbb@@@internal@tbb@@SAPAVgeneric_scheduler@23@PAVarena@23@I@Z 10014050 f i scheduler.obj
 0001:000130e0       ?wait_for_all@?$custom_scheduler@UIntelSchedulerTraits@internal@tbb@@@internal@tbb@@EAEXAAVtask@3@PAV43@@Z 100140e0 f i scheduler.obj
 0001:00013100       ?allocate_scheduler@?$custom_scheduler@UIntelSchedulerTraits@internal@tbb@@@internal@tbb@@SAPAVgeneric_scheduler@23@PAVarena@23@I@Z 10014100 f i scheduler.obj
 0001:00013190       ?copy_memory@?$fast_reverse_vector@PAVtask@tbb@@$0BA@@internal@tbb@@QBEXPAPAVtask@3@@Z 10014190 f i scheduler.obj
 0001:00013200       ?local_wait_for_all@?$custom_scheduler@UDefaultSchedulerTraits@internal@tbb@@@internal@tbb@@EAEXAAVtask@3@PAV43@@Z 10014200 f i scheduler.obj
 0001:00013690       ?receive_or_steal_task@?$custom_scheduler@UDefaultSchedulerTraits@internal@tbb@@@internal@tbb@@UAEPAVtask@3@AAH@Z 10014690 f i scheduler.obj
 0001:00013b30       ?local_wait_for_all@?$custom_scheduler@UIntelSchedulerTraits@internal@tbb@@@internal@tbb@@EAEXAAVtask@3@PAV43@@Z 10014b30 f i scheduler.obj
 0001:00013f80       ?receive_or_steal_task@?$custom_scheduler@UIntelSchedulerTraits@internal@tbb@@@internal@tbb@@UAEPAVtask@3@AAH@Z 10014f80 f i scheduler.obj
 0001:00014390       ??$advertise_new_work@$00@arena@internal@tbb@@AAEXXZ 10015390 f i scheduler.obj
 0001:00014450       ??$extract_task@$00@task_proxy@internal@tbb@@QAEPAVtask@2@XZ 10015450 f i scheduler.obj
 0001:000144a0       ??$free_task@$05@generic_scheduler@internal@tbb@@QAEXAAVtask@2@@Z 100154a0 f i scheduler.obj
 0001:000144f0       ?pop@?$task_stream@$02@internal@tbb@@QAEPAVtask@3@HAAI@Z 100154f0 f i scheduler.obj
 0001:00014640       ?tally_completion_of_predecessor@?$custom_scheduler@UDefaultSchedulerTraits@internal@tbb@@@internal@tbb@@AAEXAAVtask@3@AAPAV43@@Z 10015640 f i scheduler.obj
 0001:00014740       ?tally_completion_of_predecessor@?$custom_scheduler@UIntelSchedulerTraits@internal@tbb@@@internal@tbb@@AAEXAAVtask@3@AAPAV43@@Z 10015740 f i scheduler.obj
 0001:00014820       ?clear@observer_list@internal@tbb@@QAEXXZ 10015820 f   observer_proxy.obj
 0001:000148d0       ?insert@observer_list@internal@tbb@@QAEXPAVobserver_proxy@23@@Z 100158d0 f   observer_proxy.obj
 0001:00014920       ?remove_ref@observer_list@internal@tbb@@QAEXPAVobserver_proxy@23@@Z 10015920 f   observer_proxy.obj
 0001:000149f0       ?do_notify_entry_observers@observer_list@internal@tbb@@AAEXAAPAVobserver_proxy@23@_N@Z 100159f0 f   observer_proxy.obj
 0001:00014b70       ?do_notify_exit_observers@observer_list@internal@tbb@@AAEXPAVobserver_proxy@23@_N@Z 10015b70 f   observer_proxy.obj
 0001:00014ce0       ?observe@task_scheduler_observer_v3@internal@tbb@@QAEX_N@Z 10015ce0 f   observer_proxy.obj
 0001:00014f50       ?terminate_auto_initialized_scheduler@governor@internal@tbb@@SAXXZ 10015f50 f i tbb_main.obj
 0001:00014fa0       _ITT_DoOneTimeInitialization 10015fa0 f   tbb_main.obj
 0001:00014ff0       ?DoOneTimeInitializations@internal@tbb@@YAXXZ 10015ff0 f   tbb_main.obj
 0001:000151a0       _DllMain@12                100161a0 f   tbb_main.obj
 0001:00015260       ?itt_store_pointer_with_release_v3@internal@tbb@@YAXPAX0@Z 10016260 f   tbb_main.obj
 0001:00015290       ?itt_load_pointer_with_acquire_v3@internal@tbb@@YAPAXPBX@Z 10016290 f   tbb_main.obj
 0001:000152b0       ?call_itt_notify_v5@internal@tbb@@YAXHPAX@Z 100162b0 f   tbb_main.obj
 0001:00015310       ?itt_load_pointer_v3@internal@tbb@@YAPAXPBX@Z 10016310 f   tbb_main.obj
 0001:00015320       ?itt_set_sync_name_v3@internal@tbb@@YAXPAXPB_W@Z 10016320 f   tbb_main.obj
 0001:00015330       ?internal_grow_to_at_least@concurrent_vector_base@internal@tbb@@IAEXIIP6AXPAXI@Z@Z 10016330 f   concurrent_vector_v2.obj
 0001:000153a0       ?extend_segment@helper@concurrent_vector_base@internal@tbb@@CAXAAV234@@Z 100163a0 f   concurrent_vector_v2.obj
 0001:00015480       ?internal_capacity@concurrent_vector_base@internal@tbb@@IBEIXZ 10016480 f   concurrent_vector_v2.obj
 0001:000154c0       ?internal_reserve@concurrent_vector_base@internal@tbb@@IAEXIII@Z 100164c0 f   concurrent_vector_v2.obj
 0001:000155b0       ?internal_copy@concurrent_vector_base@internal@tbb@@IAEXABV123@IP6AXPAXPBXI@Z@Z 100165b0 f   concurrent_vector_v2.obj
 0001:000156c0       ?internal_assign@concurrent_vector_base@internal@tbb@@IAEXABV123@IP6AXPAXI@ZP6AX1PBXI@Z4@Z 100166c0 f   concurrent_vector_v2.obj
 0001:00015880       ?internal_push_back@concurrent_vector_base@internal@tbb@@IAEPAXIAAI@Z 10016880 f   concurrent_vector_v2.obj
 0001:00015970       ?internal_grow_by@concurrent_vector_base@internal@tbb@@IAEIIIP6AXPAXI@Z@Z 10016970 f   concurrent_vector_v2.obj
 0001:000159b0       ?internal_grow@concurrent_vector_base@internal@tbb@@IAEXIIIP6AXPAXI@Z@Z 100169b0 f   concurrent_vector_v2.obj
 0001:00015b40       ?internal_clear@concurrent_vector_base@internal@tbb@@IAEXP6AXPAXI@Z_N@Z 10016b40 f   concurrent_vector_v2.obj
 0001:00015c10       ?push@micro_queue@internal@tbb@@QAEXPBXIAAVconcurrent_queue_base@23@@Z 10016c10 f   concurrent_queue_v2.obj
 0001:00015cd0       ?pop@micro_queue@internal@tbb@@QAE_NPAXIAAVconcurrent_queue_base@23@@Z 10016cd0 f   concurrent_queue_v2.obj
 0001:00015d80       ??0concurrent_queue_base@internal@tbb@@IAE@I@Z 10016d80 f   concurrent_queue_v2.obj
 0001:00015e50       ??_Econcurrent_queue_base@internal@tbb@@MAEPAXI@Z 10016e50 f i * CIL library *:* CIL module *
 0001:00015e50       ??_Gconcurrent_queue_base@internal@tbb@@MAEPAXI@Z 10016e50 f i concurrent_queue_v2.obj
 0001:00015e70       ??1concurrent_queue_base@internal@tbb@@MAE@XZ 10016e70 f   concurrent_queue_v2.obj
 0001:00015ec0       ?internal_push@concurrent_queue_base@internal@tbb@@IAEXPBX@Z 10016ec0 f   concurrent_queue_v2.obj
 0001:00015f60       ?internal_pop@concurrent_queue_base@internal@tbb@@IAEXPAX@Z 10016f60 f   concurrent_queue_v2.obj
 0001:00015fb0       ?internal_pop_if_present@concurrent_queue_base@internal@tbb@@IAE_NPAX@Z 10016fb0 f   concurrent_queue_v2.obj
 0001:00016060       ?internal_push_if_not_full@concurrent_queue_base@internal@tbb@@IAE_NPBX@Z 10017060 f   concurrent_queue_v2.obj
 0001:00016120       ?internal_size@concurrent_queue_base@internal@tbb@@IBEHXZ 10017120 f   concurrent_queue_v2.obj
 0001:00016140       ??0concurrent_queue_iterator_base@internal@tbb@@IAE@ABVconcurrent_queue_base@12@@Z 10017140 f   concurrent_queue_v2.obj
 0001:000161e0       ?assign@concurrent_queue_iterator_base@internal@tbb@@IAEXABV123@@Z 100171e0 f   concurrent_queue_v2.obj
 0001:00016250       ?advance@concurrent_queue_iterator_base@internal@tbb@@IAEXXZ 10017250 f   concurrent_queue_v2.obj
 0001:000162d0       ??1concurrent_queue_iterator_base@internal@tbb@@IAE@XZ 100172d0 f   concurrent_queue_v2.obj
 0001:000162f0       ?internal_itt_releasing@spin_rw_mutex@tbb@@CAXPAV12@@Z 100172f0 f   spin_rw_mutex_v2.obj
 0001:00016300       ?internal_acquire_writer@spin_rw_mutex@tbb@@CA_NPAV12@@Z 10017300 f   spin_rw_mutex_v2.obj
 0001:000163e0       ?internal_release_writer@spin_rw_mutex@tbb@@CAXPAV12@@Z 100173e0 f   spin_rw_mutex_v2.obj
 0001:00016410       ?internal_acquire_reader@spin_rw_mutex@tbb@@CAXPAV12@@Z 10017410 f   spin_rw_mutex_v2.obj
 0001:000164d0       ?internal_upgrade@spin_rw_mutex@tbb@@CA_NPAV12@@Z 100174d0 f   spin_rw_mutex_v2.obj
 0001:000165e0       ?internal_downgrade@spin_rw_mutex@tbb@@CAXPAV12@@Z 100175e0 f   spin_rw_mutex_v2.obj
 0001:00016610       ?internal_release_reader@spin_rw_mutex@tbb@@CAXPAV12@@Z 10017610 f   spin_rw_mutex_v2.obj
 0001:00016640       ?internal_try_acquire_writer@spin_rw_mutex@tbb@@CA_NPAV12@@Z 10017640 f   spin_rw_mutex_v2.obj
 0001:000166d0       ?internal_try_acquire_reader@spin_rw_mutex@tbb@@CA_NPAV12@@Z 100176d0 f   spin_rw_mutex_v2.obj
 0001:00016760       ?destroy@task@tbb@@QAEXAAV12@@Z 10017760 f   task_v2.obj
 0001:00016770       ?internal_release@x86_rtm_rw_mutex@internal@interface8@tbb@@AAEXAAVscoped_lock@1234@@Z 10017770 f   x86_rtm_rw_mutex.obj
 0001:000167e0       ?internal_acquire_writer@x86_rtm_rw_mutex@internal@interface8@tbb@@AAEXAAVscoped_lock@1234@_N@Z 100177e0 f   x86_rtm_rw_mutex.obj
 0001:00016890       ?internal_acquire_reader@x86_rtm_rw_mutex@internal@interface8@tbb@@AAEXAAVscoped_lock@1234@_N@Z 10017890 f   x86_rtm_rw_mutex.obj
 0001:00016940       ?internal_upgrade@x86_rtm_rw_mutex@internal@interface8@tbb@@AAE_NAAVscoped_lock@1234@@Z 10017940 f   x86_rtm_rw_mutex.obj
 0001:00016980       ?internal_downgrade@x86_rtm_rw_mutex@internal@interface8@tbb@@AAE_NAAVscoped_lock@1234@@Z 10017980 f   x86_rtm_rw_mutex.obj
 0001:000169e0       ?internal_try_acquire_writer@x86_rtm_rw_mutex@internal@interface8@tbb@@AAE_NAAVscoped_lock@1234@@Z 100179e0 f   x86_rtm_rw_mutex.obj
 0001:00016a50       ?internal_construct@x86_rtm_rw_mutex@internal@interface8@tbb@@AAEXXZ 10017a50 f   x86_rtm_rw_mutex.obj
 0001:00016a70       ___TBB_machine_fetchadd1   10017a70     atomic_support.obj
 0001:00016a80       ___TBB_machine_fetchstore1 10017a80     atomic_support.obj
 0001:00016a8c       ___TBB_machine_cmpswp1     10017a8c     atomic_support.obj
 0001:00016aa0       ___TBB_machine_fetchadd2   10017aa0     atomic_support.obj
 0001:00016ab0       ___TBB_machine_fetchstore2 10017ab0     atomic_support.obj
 0001:00016ac0       ___TBB_machine_cmpswp2     10017ac0     atomic_support.obj
 0001:00016ad4       ___TBB_machine_fetchadd4   10017ad4     atomic_support.obj
 0001:00016ae4       ___TBB_machine_fetchstore4 10017ae4     atomic_support.obj
 0001:00016af0       ___TBB_machine_cmpswp4     10017af0     atomic_support.obj
 0001:00016b04       ___TBB_machine_fetchadd8   10017b04     atomic_support.obj
 0001:00016b24       ___TBB_machine_fetchstore8 10017b24     atomic_support.obj
 0001:00016b40       ___TBB_machine_cmpswp8     10017b40     atomic_support.obj
 0001:00016b60       ___TBB_machine_load8       10017b60     atomic_support.obj
 0001:00016b94       ___TBB_machine_store8      10017b94     atomic_support.obj
 0001:00016bb0       ___TBB_machine_try_lock_elided 10017bb0     itsx.obj
 0001:00016bc0       ___TBB_machine_unlock_elided 10017bc0     itsx.obj
 0001:00016bcc       ___TBB_machine_begin_transaction 10017bcc     itsx.obj
 0001:00016bd8       ___TBB_machine_end_transaction 10017bd8     itsx.obj
 0001:00016bdc       ___TBB_machine_transaction_conflict_abort 10017bdc     itsx.obj
 0001:00016be0       ___TBB_machine_is_in_transaction 10017be0     itsx.obj
 0001:00016bf0       ___TBB_machine_trylockbyte 10017bf0     lock_byte.obj
 0001:00016c0b       ??_U@YAPAXI@Z              10017c0b f   msvcprt:newaop_s.obj
 0001:00016c14       ___atonexitinit            10017c14 f   MSVCRT:atonexit.obj
 0001:00016c50       __onexit                   10017c50 f   MSVCRT:atonexit.obj
 0001:00016cf9       _atexit                    10017cf9 f   MSVCRT:atonexit.obj
 0001:00016d0e       __purecall                 10017d0e f   MSVCRT:MSVCR120.dll
 0001:00016d14       ??2@YAPAXI@Z               10017d14 f   MSVCRT:MSVCR120.dll
 0001:00016d66       __CRT_INIT@12              10017d66 f   MSVCRT:crtdll.obj
 0001:00016f5d       __DllMainCRTStartup@12     10017f5d f   MSVCRT:crtdll.obj
 0001:000170b4       __lock                     100180b4 f   MSVCRT:MSVCR120.dll
 0001:000170ba       __unlock                   100180ba f   MSVCRT:MSVCR120.dll
 0001:000170c0       ___dllonexit               100180c0 f   MSVCRT:MSVCR120.dll
 0001:000170d0       __SEH_prolog4              100180d0 f   MSVCRT:sehprolg4.obj
 0001:00017115       __SEH_epilog4              10018115 f   MSVCRT:sehprolg4.obj
 0001:00017129       __except_handler4          10018129 f   MSVCRT:chandler4gs.obj
 0001:0001714c       ___CppXcptFilter           1001814c f   MSVCRT:MSVCR120.dll
 0001:00017152       __amsg_exit                10018152 f   MSVCRT:MSVCR120.dll
 0001:00017160       __FindPESection            10018160 f   MSVCRT:pesect.obj
 0001:000171b0       __IsNonwritableInCurrentImage 100181b0 f   MSVCRT:pesect.obj
 0001:00017270       __ValidateImageBase        10018270 f   MSVCRT:pesect.obj
 0001:000172a1       ___security_init_cookie    100182a1 f   MSVCRT:gs_support.obj
 0001:0001733d       __RTC_Initialize           1001833d f   MSVCRT:initsect.obj
 0001:0001735d       __RTC_Terminate            1001835d f   MSVCRT:initsect.obj
 0001:0001737e       __initterm                 1001837e f   MSVCRT:MSVCR120.dll
 0001:00017384       __initterm_e               10018384 f   MSVCRT:MSVCR120.dll
 0001:0001738a       ___clean_type_info_names   1001838a f   MSVCRT:tncleanup.obj
 0001:00017396       @__security_check_cookie@4 10018396 f   MSVCRT:secchk.obj
 0001:000173a6       __except_handler4_common   100183a6 f   MSVCRT:MSVCR120.dll
 0001:000173ac       ___clean_type_info_names_internal 100183ac f   MSVCRT:MSVCR120.dll
 0001:000173b2       ___raise_securityfailure   100183b2 f   MSVCRT:gs_report.obj
 0001:000173ef       ___report_gsfailure        100183ef f   MSVCRT:gs_report.obj
 0001:000174ea       __crt_debugger_hook        100184ea f   MSVCRT:MSVCR120.dll
 0001:000174f0       ___crtUnhandledException   100184f0 f   MSVCRT:MSVCR120.dll
 0001:000174f6       ___crtTerminateProcess     100184f6 f   MSVCRT:MSVCR120.dll
 0001:000174fc       _IsProcessorFeaturePresent@4 100184fc f   kernel32:KERNEL32.dll
 0001:00017502       __CxxThrowException@8      10018502 f   MSVCRT:MSVCR120.dll
 0001:00017508       ___CxxFrameHandler3        10018508 f   MSVCRT:MSVCR120.dll
 0001:00017510       __alloca_probe_16          10018510 f   MSVCRT:alloca16.obj
 0001:00017526       __alloca_probe_8           10018526     MSVCRT:alloca16.obj
 0001:00017540       __ftoui3                   10018540 f   MSVCRT:ftol3.obj
 0001:0001754f       __ftoul3                   1001854f f   MSVCRT:ftol3.obj
 0001:0001755e       __ftol3                    1001855e f   MSVCRT:ftol3.obj
 0001:0001756b       __ftol3_NaN                1001856b f   MSVCRT:ftol3.obj
 0001:00017583       __ftol3_work               10018583 f   MSVCRT:ftol3.obj
 0001:00017609       __ftol3_common             10018609 f   MSVCRT:ftol3.obj
 0001:000176cb       __ftol3_arg_error          100186cb f   MSVCRT:ftol3.obj
 0001:000176dd       __ftol3_except             100186dd f   MSVCRT:ftol3.obj
 0001:00017721       __dtoui3                   10018721 f   MSVCRT:ftol3.obj
 0001:00017730       __dtoul3                   10018730 f   MSVCRT:ftol3.obj
 0001:0001773f       __dtol3                    1001873f f   MSVCRT:ftol3.obj
 0001:0001774c       __dtol3_NaN                1001874c f   MSVCRT:ftol3.obj
 0001:00017769       __dtol3_work               10018769 f   MSVCRT:ftol3.obj
 0001:0001784e       __ultod3                   1001884e f   MSVCRT:ftol3.obj
 0001:000178df       __ltod3                    100188df f   MSVCRT:ftol3.obj
 0001:0001790e       _memcpy                    1001890e f   MSVCRT:MSVCR120.dll
 0001:00017914       _memset                    10018914 f   MSVCRT:MSVCR120.dll
 0001:00017920       __alloca_probe             10018920 f   MSVCRT:chkstk.obj
 0001:00017920       __chkstk                   10018920 f   MSVCRT:chkstk.obj
 0001:0001794c       __except1                  1001894c f   MSVCRT:MSVCR120.dll
 0002:00000000       __imp__SetEvent@4          10019000     kernel32:KERNEL32.dll
 0002:00000004       __imp__WaitForSingleObjectEx@12 10019004     kernel32:KERNEL32.dll
 0002:00000008       __imp__CloseHandle@4       10019008     kernel32:KERNEL32.dll
 0002:0000000c       __imp__SwitchToThread@0    1001900c     kernel32:KERNEL32.dll
 0002:00000010       __imp__GetModuleHandleExA@12 10019010     kernel32:KERNEL32.dll
 0002:00000014       __imp__SetErrorMode@4      10019014     kernel32:KERNEL32.dll
 0002:00000018       __imp__FreeLibrary@4       10019018     kernel32:KERNEL32.dll
 0002:0000001c       __imp__GetLastError@0      1001901c     kernel32:KERNEL32.dll
 0002:00000020       __imp__GetProcAddress@8    10019020     kernel32:KERNEL32.dll
 0002:00000024       __imp__LoadLibraryA@4      10019024     kernel32:KERNEL32.dll
 0002:00000028       __imp__GetModuleFileNameA@12 10019028     kernel32:KERNEL32.dll
 0002:0000002c       __imp__lstrcmpA@8          1001902c     kernel32:KERNEL32.dll
 0002:00000030       __imp__lstrcpynA@12        10019030     kernel32:KERNEL32.dll
 0002:00000034       __imp__InitializeCriticalSection@4 10019034     kernel32:KERNEL32.dll
 0002:00000038       __imp__LeaveCriticalSection@4 10019038     kernel32:KERNEL32.dll
 0002:0000003c       __imp__GetEnvironmentVariableA@12 1001903c     kernel32:KERNEL32.dll
 0002:00000040       __imp__EnterCriticalSection@4 10019040     kernel32:KERNEL32.dll
 0002:00000044       __imp__GetCurrentThreadId@0 10019044     kernel32:KERNEL32.dll
 0002:00000048       __imp__TlsGetValue@4       10019048     kernel32:KERNEL32.dll
 0002:0000004c       __imp__TlsSetValue@8       1001904c     kernel32:KERNEL32.dll
 0002:00000050       __imp__ReleaseSemaphore@12 10019050     kernel32:KERNEL32.dll
 0002:00000054       __imp__CreateSemaphoreW@16 10019054     kernel32:KERNEL32.dll
 0002:00000058       __imp__TlsAlloc@0          10019058     kernel32:KERNEL32.dll
 0002:0000005c       __imp__TlsFree@4           1001905c     kernel32:KERNEL32.dll
 0002:00000060       __imp__TryEnterCriticalSection@4 10019060     kernel32:KERNEL32.dll
 0002:00000064       __imp__InitializeCriticalSectionAndSpinCount@8 10019064     kernel32:KERNEL32.dll
 0002:00000068       __imp__DeleteCriticalSection@4 10019068     kernel32:KERNEL32.dll
 0002:0000006c       __imp__CreateEventA@16     1001906c     kernel32:KERNEL32.dll
 0002:00000070       __imp__SetLastError@4      10019070     kernel32:KERNEL32.dll
 0002:00000074       __imp__ResetEvent@4        10019074     kernel32:KERNEL32.dll
 0002:00000078       __imp__QueryPerformanceFrequency@4 10019078     kernel32:KERNEL32.dll
 0002:0000007c       __imp__QueryPerformanceCounter@4 1001907c     kernel32:KERNEL32.dll
 0002:00000080       __imp__Sleep@4             10019080     kernel32:KERNEL32.dll
 0002:00000084       __imp__ResumeThread@4      10019084     kernel32:KERNEL32.dll
 0002:00000088       __imp__FormatMessageA@28   10019088     kernel32:KERNEL32.dll
 0002:0000008c       __imp__GetNativeSystemInfo@4 1001908c     kernel32:KERNEL32.dll
 0002:00000090       __imp__GetCurrentProcess@0 10019090     kernel32:KERNEL32.dll
 0002:00000094       __imp__GetCurrentThread@0  10019094     kernel32:KERNEL32.dll
 0002:00000098       __imp__GetProcessAffinityMask@12 10019098     kernel32:KERNEL32.dll
 0002:0000009c       __imp__IsDebuggerPresent@0 1001909c     kernel32:KERNEL32.dll
 0002:000000a0       __imp__GetSystemTimeAsFileTime@4 100190a0     kernel32:KERNEL32.dll
 0002:000000a4       __imp__GetCurrentProcessId@0 100190a4     kernel32:KERNEL32.dll
 0002:000000a8       __imp__DecodePointer@4     100190a8     kernel32:KERNEL32.dll
 0002:000000ac       __imp__EncodePointer@4     100190ac     kernel32:KERNEL32.dll
 0002:000000b0       __imp__IsProcessorFeaturePresent@4 100190b0     kernel32:KERNEL32.dll
 0002:000000b4       \177KERNEL32_NULL_THUNK_DATA 100190b4     kernel32:KERNEL32.dll
 0002:000000b8       __imp_?_Syserror_map@std@@YAPBDH@Z 100190b8     msvcprt:MSVCP120.dll
 0002:000000bc       __imp_?_Xbad_alloc@std@@YAXXZ 100190bc     msvcprt:MSVCP120.dll
 0002:000000c0       __imp_?_Xout_of_range@std@@YAXPBD@Z 100190c0     msvcprt:MSVCP120.dll
 0002:000000c4       __imp_?_Xlength_error@std@@YAXPBD@Z 100190c4     msvcprt:MSVCP120.dll
 0002:000000c8       __imp_?_Winerror_map@std@@YAPBDH@Z 100190c8     msvcprt:MSVCP120.dll
 0002:000000cc       \177MSVCP120_NULL_THUNK_DATA 100190cc     msvcprt:MSVCP120.dll
 0002:000000d0       __imp__strrchr             100190d0     MSVCRT:MSVCR120.dll
 0002:000000d4       __imp__malloc              100190d4     MSVCRT:MSVCR120.dll
 0002:000000d8       __imp___strdup             100190d8     MSVCRT:MSVCR120.dll
 0002:000000dc       __imp___wcsdup             100190dc     MSVCRT:MSVCR120.dll
 0002:000000e0       __imp__free                100190e0     MSVCRT:MSVCR120.dll
 0002:000000e4       __imp___errno              100190e4     MSVCRT:MSVCR120.dll
 0002:000000e8       __imp___beginthreadex      100190e8     MSVCRT:MSVCR120.dll
 0002:000000ec       __imp____iob_func          100190ec     MSVCRT:MSVCR120.dll
 0002:000000f0       __imp__fprintf             100190f0     MSVCRT:MSVCR120.dll
 0002:000000f4       __imp__exit                100190f4     MSVCRT:MSVCR120.dll
 0002:000000f8       __imp__abort               100190f8     MSVCRT:MSVCR120.dll
 0002:000000fc       __imp__strerror            100190fc     MSVCRT:MSVCR120.dll
 0002:00000100       __imp__fputs               10019100     MSVCRT:MSVCR120.dll
 0002:00000104       __imp__fflush              10019104     MSVCRT:MSVCR120.dll
 0002:00000108       __imp___snprintf           10019108     MSVCRT:MSVCR120.dll
 0002:0000010c       __imp__getenv              1001910c     MSVCRT:MSVCR120.dll
 0002:00000110       __imp_??1exception@std@@UAE@XZ 10019110     MSVCRT:MSVCR120.dll
 0002:00000114       __imp_??0exception@std@@QAE@XZ 10019114     MSVCRT:MSVCR120.dll
 0002:00000118       __imp__strncpy             10019118     MSVCRT:MSVCR120.dll
 0002:0000011c       __imp_?__ExceptionPtrDestroy@@YAXPAX@Z 1001911c     MSVCRT:MSVCR120.dll
 0002:00000120       __imp_??_V@YAXPAX@Z        10019120     MSVCRT:MSVCR120.dll
 0002:00000124       __imp_?__ExceptionPtrRethrow@@YAXPBX@Z 10019124     MSVCRT:MSVCR120.dll
 0002:00000128       __imp___lock               10019128     MSVCRT:MSVCR120.dll
 0002:0000012c       __imp___unlock             1001912c     MSVCRT:MSVCR120.dll
 0002:00000130       __imp___calloc_crt         10019130     MSVCRT:MSVCR120.dll
 0002:00000134       __imp____dllonexit         10019134     MSVCRT:MSVCR120.dll
 0002:00000138       __imp___onexit             10019138     MSVCRT:MSVCR120.dll
 0002:0000013c       __imp__vsnprintf           1001913c     MSVCRT:MSVCR120.dll
 0002:0000013c       __imp___vsnprintf          1001913c     MSVCRT:MSVCR120.dll
 0002:00000140       __imp____CppXcptFilter     10019140     MSVCRT:MSVCR120.dll
 0002:00000144       __imp___amsg_exit          10019144     MSVCRT:MSVCR120.dll
 0002:00000148       __imp___malloc_crt         10019148     MSVCRT:MSVCR120.dll
 0002:0000014c       __imp___initterm           1001914c     MSVCRT:MSVCR120.dll
 0002:00000150       __imp___initterm_e         10019150     MSVCRT:MSVCR120.dll
 0002:00000154       __imp___except_handler4_common 10019154     MSVCRT:MSVCR120.dll
 0002:00000158       __imp____clean_type_info_names_internal 10019158     MSVCRT:MSVCR120.dll
 0002:0000015c       __imp___crt_debugger_hook  1001915c     MSVCRT:MSVCR120.dll
 0002:00000160       __imp____crtUnhandledException 10019160     MSVCRT:MSVCR120.dll
 0002:00000164       __imp____crtTerminateProcess 10019164     MSVCRT:MSVCR120.dll
 0002:00000168       __imp_??2@YAPAXI@Z         10019168     MSVCRT:MSVCR120.dll
 0002:0000016c       __imp_??3@YAXPAX@Z         1001916c     MSVCRT:MSVCR120.dll
 0002:00000170       __imp___purecall           10019170     MSVCRT:MSVCR120.dll
 0002:00000174       __imp__memmove             10019174     MSVCRT:MSVCR120.dll
 0002:00000178       __imp_?__ExceptionPtrCopy@@YAXPAXPBX@Z 10019178     MSVCRT:MSVCR120.dll
 0002:0000017c       __imp___CxxThrowException@8 1001917c     MSVCRT:MSVCR120.dll
 0002:00000180       __imp____CxxFrameHandler3  10019180     MSVCRT:MSVCR120.dll
 0002:00000184       __imp__memcpy              10019184     MSVCRT:MSVCR120.dll
 0002:00000188       __imp__memset              10019188     MSVCRT:MSVCR120.dll
 0002:0000018c       __imp___except1            1001918c     MSVCRT:MSVCR120.dll
 0002:00000190       \177MSVCR120_NULL_THUNK_DATA 10019190     MSVCRT:MSVCR120.dll
 0002:00000194       ___xc_a                    10019194     MSVCRT:cinitexe.obj
 0002:000001ac       ___xc_z                    100191ac     MSVCRT:cinitexe.obj
 0002:000001b0       ___xi_a                    100191b0     MSVCRT:cinitexe.obj
 0002:000001bc       ___xi_z                    100191bc     MSVCRT:cinitexe.obj
 0002:000001c0       __pRawDllMain              100191c0     MSVCRT:crtdll.obj
 0002:000001c0       __pDefaultRawDllMain       100191c0     MSVCRT:crtdll.obj
 0002:000001cc       ??_C@_07DCLBNMLN@generic?$AA@ 100191cc     concurrent_hash_map.obj
 0002:000001d4       ??_C@_0O@BFJCFAAK@unknown?5error?$AA@ 100191d4     concurrent_hash_map.obj
 0002:000001e4       ??_C@_08LLGCOLLL@iostream?$AA@ 100191e4     concurrent_hash_map.obj
 0002:000001f0       ??_C@_0BG@PADBLCHM@iostream?5stream?5error?$AA@ 100191f0     concurrent_hash_map.obj
 0002:00000208       ??_C@_06FHFOAHML@system?$AA@ 10019208     concurrent_hash_map.obj
 0002:00000210       ??_C@_0BA@JFNIOLAK@string?5too?5long?$AA@ 10019210     concurrent_hash_map.obj
 0002:00000220       ??_C@_0BI@CFPLBAOH@invalid?5string?5position?$AA@ 10019220     concurrent_hash_map.obj
 0002:00000238       ??_7_Generic_error_category@std@@6B@ 10019238     concurrent_hash_map.obj
 0002:00000250       ??_7_System_error_category@std@@6B@ 10019250     concurrent_hash_map.obj
 0002:00000268       ??_7_Iostream_error_category@std@@6B@ 10019268     concurrent_hash_map.obj
 0002:00000280       ??_7error_category@std@@6B@ 10019280     concurrent_hash_map.obj
 0002:00000298       ??_7concurrent_queue_base_v3@internal@tbb@@6B@ 10019298     concurrent_queue.obj
 0002:000002b0       ??_C@_0BB@GHDLJDEE@libittnotify?4dll?$AA@ 100192b0     itt_notify.obj
 0002:000002c4       ??_C@_03NFKEKGGK@all?$AA@  100192c4     itt_notify.obj
 0002:000002c8       ??_C@_07MMBOFDEG@control?$AA@ 100192c8     itt_notify.obj
 0002:000002d0       ??_C@_06FJHNOCKE@thread?$AA@ 100192d0     itt_notify.obj
 0002:000002d8       ??_C@_04KJJCFCK@mark?$AA@  100192d8     itt_notify.obj
 0002:000002e0       ??_C@_04JNABKDKF@sync?$AA@ 100192e0     itt_notify.obj
 0002:000002e8       ??_C@_05DEEMBJFM@fsync?$AA@ 100192e8     itt_notify.obj
 0002:000002f0       ??_C@_03IGHFHLNJ@jit?$AA@  100192f0     itt_notify.obj
 0002:000002f4       ??_C@_05NCCFOPHA@model?$AA@ 100192f4     itt_notify.obj
 0002:000002fc       ??_C@_07HDOCMLOI@counter?$AA@ 100192fc     itt_notify.obj
 0002:00000304       ??_C@_05MIJNFGED@frame?$AA@ 10019304     itt_notify.obj
 0002:0000030c       ??_C@_06LIGKBDMB@stitch?$AA@ 1001930c     itt_notify.obj
 0002:00000314       ??_C@_04PKENOLLO@heap?$AA@ 10019314     itt_notify.obj
 0002:0000031c       ??_C@_09GNENBKCD@structure?$AA@ 1001931c     itt_notify.obj
 0002:00000328       ??_C@_08OGNBOPN@suppress?$AA@ 10019328     itt_notify.obj
 0002:00000334       ??_C@_06FGACJBDJ@arrays?$AA@ 10019334     itt_notify.obj
 0002:0000033c       ??_C@_0BB@MEEBFJKA@KMP_FOR_TPROFILE?$AA@ 1001933c     itt_notify.obj
 0002:00000350       ??_C@_0P@PHKFPIJA@KMP_FOR_TCHECK?$AA@ 10019350     itt_notify.obj
 0002:00000360       ??_C@_0BF@PJOOOGND@__itt_domain_createA?$AA@ 10019360     itt_notify.obj
 0002:00000378       ??_C@_0BF@OFHGFDAE@__itt_domain_createW?$AA@ 10019378     itt_notify.obj
 0002:00000390       ??_C@_0BM@KLFLEJAJ@__itt_string_handle_createA?$AA@ 10019390     itt_notify.obj
 0002:000003ac       ??_C@_0BM@LHMDPMNO@__itt_string_handle_createW?$AA@ 100193ac     itt_notify.obj
 0002:000003c8       ??_C@_0M@OBBFCECB@__itt_pause?$AA@ 100193c8     itt_notify.obj
 0002:000003d4       ??_C@_0N@PMDEDCGD@__itt_resume?$AA@ 100193d4     itt_notify.obj
 0002:000003e4       ??_C@_0BH@NLDAAGM@__itt_thread_set_nameA?$AA@ 100193e4     itt_notify.obj
 0002:000003fc       ??_C@_0BH@BBCLLFLL@__itt_thread_set_nameW?$AA@ 100193fc     itt_notify.obj
 0002:00000414       ??_C@_0BE@GBGGMKDN@__itt_thread_ignore?$AA@ 10019414     itt_notify.obj
 0002:00000428       ??_C@_0BE@PKPGFCJA@__itt_thr_name_setA?$AA@ 10019428     itt_notify.obj
 0002:0000043c       ??_C@_0BE@OGGOOHEH@__itt_thr_name_setW?$AA@ 1001943c     itt_notify.obj
 0002:00000450       ??_C@_0BB@NAOEIHEA@__itt_thr_ignore?$AA@ 10019450     itt_notify.obj
 0002:00000464       ??_C@_0BE@FOGOAMMO@__itt_enable_attach?$AA@ 10019464     itt_notify.obj
[...]
 0002:000040f0       $N00086                    1001d0f0     Default.exp
 0002:0000412e       $N00087                    1001d12e     Default.exp
 0002:0000415e       $N00088                    1001d15e     Default.exp
 0002:000041af       $N00089                    1001d1af     Default.exp
 0002:00004205       $N00090                    1001d205     Default.exp
 0002:00004230       $N00091                    1001d230     Default.exp
 0002:00004261       $N00092                    1001d261     Default.exp
 0002:000042a6       $N00093                    1001d2a6     Default.exp
 0002:000042f6       $N00094                    1001d2f6     Default.exp
 0002:00004349       $N00095                    1001d349     Default.exp
 0002:0000438f       $N00096                    1001d38f     Default.exp
 0002:000043be       $N00097                    1001d3be     Default.exp
 0002:000043e2       $N00098                    1001d3e2     Default.exp
 0002:0000441e       $N00099                    1001d41e     Default.exp
 0002:0000444c       $N00100                    1001d44c     Default.exp
 0002:00004494       $N00101                    1001d494     Default.exp
 0002:000044e1       $N00102                    1001d4e1     Default.exp
 0002:0000453b       $N00103                    1001d53b     Default.exp
 0002:0000456e       $N00104                    1001d56e     Default.exp
 0002:0000459f       $N00105                    1001d59f     Default.exp
 0002:000045f9       $N00106                    1001d5f9     Default.exp
 0002:00004638       $N00107                    1001d638     Default.exp
 0002:00004685       $N00108                    1001d685     Default.exp
 0002:000046dc       $N00109                    1001d6dc     Default.exp
 0002:00004721       $N00110                    1001d721     Default.exp
 0002:0000476b       $N00111                    1001d76b     Default.exp
 0002:000047bc       $N00112                    1001d7bc     Default.exp
 0002:00004801       $N00113                    1001d801     Default.exp
 0002:00004854       $N00114                    1001d854     Default.exp
 0002:000048ae       $N00115                    1001d8ae     Default.exp
 0002:00004914       $N00116                    1001d914     Default.exp
 0002:00004959       $N00117                    1001d959     Default.exp
 0002:000049b6       $N00118                    1001d9b6     Default.exp
 0002:000049ed       $N00119                    1001d9ed     Default.exp
 0002:00004a29       $N00120                    1001da29     Default.exp
 0002:00004a68       $N00121                    1001da68     Default.exp
 0002:00004ab0       $N00122                    1001dab0     Default.exp
 0002:00004afb       $N00123                    1001dafb     Default.exp
 0002:00004b38       $N00124                    1001db38     Default.exp
 0002:00004b78       $N00125                    1001db78     Default.exp
 0002:00004bbe       $N00126                    1001dbbe     Default.exp
 0002:00004c07       $N00127                    1001dc07     Default.exp
 0002:00004c51       $N00128                    1001dc51     Default.exp
 0002:00004c9e       $N00129                    1001dc9e     Default.exp
 0002:00004ce3       $N00130                    1001dce3     Default.exp
 0002:00004d35       $N00131                    1001dd35     Default.exp
 0002:00004d65       $N00132                    1001dd65     Default.exp
 0002:00004d9f       $N00133                    1001dd9f     Default.exp
 0002:00004dd4       $N00134                    1001ddd4     Default.exp
 0002:00004e2b       $N00135                    1001de2b     Default.exp
 0002:00004e63       $N00136                    1001de63     Default.exp
 0002:00004e99       $N00137                    1001de99     Default.exp
 0002:00004ed1       $N00138                    1001ded1     Default.exp
 0002:00004f07       $N00139                    1001df07     Default.exp
 0002:00004f48       $N00140                    1001df48     Default.exp
 0002:00004f8c       $N00141                    1001df8c     Default.exp
 0002:00004fe5       $N00142                    1001dfe5     Default.exp
 0002:00005029       $N00143                    1001e029     Default.exp
 0002:00005070       $N00144                    1001e070     Default.exp
 0002:0000509a       $N00145                    1001e09a     Default.exp
 0002:000050d4       $N00146                    1001e0d4     Default.exp
 0002:00005111       $N00147                    1001e111     Default.exp
 0002:0000514e       $N00148                    1001e14e     Default.exp
 0002:00005193       $N00149                    1001e193     Default.exp
 0002:000051d7       $N00150                    1001e1d7     Default.exp
 0002:0000521f       $N00151                    1001e21f     Default.exp
 0002:00005269       $N00152                    1001e269     Default.exp
 0002:000052a4       $N00153                    1001e2a4     Default.exp
 0002:000052e9       $N00154                    1001e2e9     Default.exp
 0002:00005329       $N00155                    1001e329     Default.exp
 0002:00005366       $N00156                    1001e366     Default.exp
 0002:000053a1       $N00157                    1001e3a1     Default.exp
 0002:000053de       $N00158                    1001e3de     Default.exp
 0002:00005419       $N00159                    1001e419     Default.exp
 0002:0000547c       $N00160                    1001e47c     Default.exp
 0002:000054ae       $N00161                    1001e4ae     Default.exp
 0002:000054de       $N00162                    1001e4de     Default.exp
 0002:00005536       $N00163                    1001e536     Default.exp
 0002:00005575       $N00164                    1001e575     Default.exp
 0002:000055b3       $N00165                    1001e5b3     Default.exp
 0002:000055db       $N00166                    1001e5db     Default.exp
 0002:00005609       $N00167                    1001e609     Default.exp
 0002:00005637       $N00168                    1001e637     Default.exp
 0002:00005672       $N00169                    1001e672     Default.exp
 0002:000056a3       $N00170                    1001e6a3     Default.exp
 0002:000056de       $N00171                    1001e6de     Default.exp
 0002:00005707       $N00172                    1001e707     Default.exp
 0002:00005737       $N00173                    1001e737     Default.exp
 0002:0000576c       $N00174                    1001e76c     Default.exp
 0002:00005796       $N00175                    1001e796     Default.exp
 0002:000057d9       $N00176                    1001e7d9     Default.exp
 0002:0000580b       $N00177                    1001e80b     Default.exp
 0002:00005832       $N00178                    1001e832     Default.exp
 0002:00005853       $N00179                    1001e853     Default.exp
 0002:0000588e       $N00180                    1001e88e     Default.exp
 0002:000058c7       $N00181                    1001e8c7     Default.exp
 0002:00005907       $N00182                    1001e907     Default.exp
 0002:00005942       $N00183                    1001e942     Default.exp
 0002:00005971       $N00184                    1001e971     Default.exp
 0002:000059a3       $N00185                    1001e9a3     Default.exp
 0002:000059c9       $N00186                    1001e9c9     Default.exp
 0002:00005a04       $N00187                    1001ea04     Default.exp
 0002:00005a1f       $N00188                    1001ea1f     Default.exp
 0002:00005a52       $N00189                    1001ea52     Default.exp
 0002:00005a7a       $N00190                    1001ea7a     Default.exp
 0002:00005a95       $N00191                    1001ea95     Default.exp
 0002:00005abd       $N00192                    1001eabd     Default.exp
 0002:00005af4       $N00193                    1001eaf4     Default.exp
 0002:00005b19       $N00194                    1001eb19     Default.exp
 0002:00005b55       $N00195                    1001eb55     Default.exp
 0002:00005b8d       $N00196                    1001eb8d     Default.exp
 0002:00005bb8       $N00197                    1001ebb8     Default.exp
 0002:00005bf4       $N00198                    1001ebf4     Default.exp
 0002:00005c34       $N00199                    1001ec34     Default.exp
 0002:00005c59       $N00200                    1001ec59     Default.exp
 0002:00005c90       $N00201                    1001ec90     Default.exp
 0002:00005cca       $N00202                    1001ecca     Default.exp
 0002:00005d04       $N00203                    1001ed04     Default.exp
 0002:00005d43       $N00204                    1001ed43     Default.exp
 0002:00005d78       $N00205                    1001ed78     Default.exp
 0002:00005db2       $N00206                    1001edb2     Default.exp
 0002:00005df6       $N00207                    1001edf6     Default.exp
 0002:00005e28       $N00208                    1001ee28     Default.exp
 0002:00005e65       $N00209                    1001ee65     Default.exp
 0002:00005e88       $N00210                    1001ee88     Default.exp
 0002:00005eaf       $N00211                    1001eeaf     Default.exp
 0002:00005ed1       $N00212                    1001eed1     Default.exp
 0002:00005f01       $N00213                    1001ef01     Default.exp
 0002:00005f22       $N00214                    1001ef22     Default.exp
 0002:00005f41       $N00215                    1001ef41     Default.exp
 0002:00005f5f       $N00216                    1001ef5f     Default.exp
 0002:00005f75       $N00217                    1001ef75     Default.exp
 0002:00005f8d       $N00218                    1001ef8d     Default.exp
 0002:00005fa7       $N00219                    1001efa7     Default.exp
 0002:00005fc7       $N00220                    1001efc7     Default.exp
 0002:00005fdb       $N00221                    1001efdb     Default.exp
 0002:00005ff0       $N00222                    1001eff0     Default.exp
 0002:0000600e       $N00223                    1001f00e     Default.exp
 0002:00006028       $N00224                    1001f028     Default.exp
 0002:00006516       .idata$6                   1001f516     kernel32:KERNEL32.dll
 0002:000065be       .idata$6                   1001f5be     msvcprt:MSVCP120.dll
 0002:00006768       .idata$6                   1001f768     MSVCRT:MSVCR120.dll
 0003:000001b0       _group_list                100201b0     itt_notify.obj
 0003:00000230       _api_list                  10020230     itt_notify.obj
 0003:00000f10       _group_alias               10020f10     itt_notify.obj
 0003:00000fa8       _MallocHandler             10020fa8     cache_aligned_allocator.obj
 0003:00000fac       _FreeHandler               10020fac     cache_aligned_allocator.obj
 0003:00000fb0       _padded_allocate_handler   10020fb0     cache_aligned_allocator.obj
 0003:00000fb4       _padded_free_handler       10020fb4     cache_aligned_allocator.obj
 0003:00000fb8       ___TBB_condvar_notify_one  10020fb8     condition_variable.obj
 0003:00000fbc       ___TBB_condvar_notify_all  10020fbc     condition_variable.obj
 0003:00000fc0       ___TBB_condvar_wait        10020fc0     condition_variable.obj
 0003:00000fc4       ___TBB_destroy_condvar     10020fc4     condition_variable.obj
 0003:00000fc8       ___TBB_init_condvar        10020fc8     condition_variable.obj
 0003:00000fd0       _the_dummy_context         10020fd0     scheduler.obj
 0003:000010d0       ?env_value@?1??__itt_get_env_var@@YAPBDPBD@Z@4PADA 100210d0     itt_notify.obj
 0003:000010e0       ___proc_attached           100210e0     MSVCRT:crtdll.obj
 0003:000010f0       _GS_ExceptionRecord        100210f0     MSVCRT:gs_report.obj
 0003:00001140       _GS_ContextRecord          10021140     MSVCRT:gs_report.obj
 0003:0000140c       _DebuggerWasPresent        1002140c     MSVCRT:gs_report.obj
 0003:00001438       _null_domain               10021438     itt_notify.obj
 0003:00001450       _null_string_handle        10021450     itt_notify.obj
 0003:00001464       _init_thread_info          10021464     itt_notify.obj
 0003:00001480       _PrintVersionFlag          10021480     tbb_misc.obj
 0003:00001484       _TBB_SetThreadGroupAffinity 10021484     tbb_misc_ex.obj
 0003:00001488       _TBB_GetActiveProcessorGroupCount 10021488     tbb_misc_ex.obj
 0003:00001790       _TBB_GetThreadGroupAffinity 10021790     tbb_misc_ex.obj
 0003:00001794       _TBB_GetActiveProcessorCount 10021794     tbb_misc_ex.obj
 0003:00001798       _watch_stack_handler       10021798     governor.obj
 0003:000017cd       __Tuple_alloc              100217cd     concurrent_hash_map.obj
 0003:000017ce       _ignore                    100217ce     concurrent_hash_map.obj
 0003:000017cf       _allocator_arg             100217cf     concurrent_hash_map.obj
 0003:000017d0       _piecewise_construct       100217d0     concurrent_hash_map.obj
 0003:000017d1       _allocator_arg             100217d1     concurrent_queue.obj
 0003:000017d2       _piecewise_construct       100217d2     concurrent_queue.obj
 0003:000017d3       _allocator_arg             100217d3     concurrent_vector.obj
 0003:000017d4       _piecewise_construct       100217d4     concurrent_vector.obj
 0003:000017d5       _static_init_dl_data       100217d5     dynamic_link.obj
 0003:000017d6       _allocator_arg             100217d6     dynamic_link.obj
 0003:000017d7       _piecewise_construct       100217d7     dynamic_link.obj
 0003:000017d8       _allocator_arg             100217d8     itt_notify.obj
 0003:000017d9       _piecewise_construct       100217d9     itt_notify.obj
 0003:000017da       _allocator_arg             100217da     cache_aligned_allocator.obj
 0003:000017db       _piecewise_construct       100217db     cache_aligned_allocator.obj
 0003:000017dc       _allocator_arg             100217dc     pipeline.obj
 0003:000017dd       _piecewise_construct       100217dd     pipeline.obj
 0003:000017de       _allocator_arg             100217de     queuing_mutex.obj
 0003:000017df       _piecewise_construct       100217df     queuing_mutex.obj
 0003:000017e0       _allocator_arg             100217e0     queuing_rw_mutex.obj
 0003:000017e1       _piecewise_construct       100217e1     queuing_rw_mutex.obj
 0003:000017e2       _allocator_arg             100217e2     reader_writer_lock.obj
 0003:000017e3       _piecewise_construct       100217e3     reader_writer_lock.obj
 0003:000017e4       _allocator_arg             100217e4     spin_rw_mutex.obj
 0003:000017e5       _piecewise_construct       100217e5     spin_rw_mutex.obj
 0003:000017e6       _allocator_arg             100217e6     spin_mutex.obj
 0003:000017e7       _piecewise_construct       100217e7     spin_mutex.obj
 0003:000017e8       _allocator_arg             100217e8     critical_section.obj
 0003:000017e9       _piecewise_construct       100217e9     critical_section.obj
 0003:000017ea       _allocator_arg             100217ea     mutex.obj
 0003:000017eb       _piecewise_construct       100217eb     mutex.obj
 0003:000017ec       _allocator_arg             100217ec     recursive_mutex.obj
 0003:000017ed       _piecewise_construct       100217ed     recursive_mutex.obj
 0003:000017ee       _allocator_arg             100217ee     condition_variable.obj
 0003:000017ef       _piecewise_construct       100217ef     condition_variable.obj
 0003:000017f0       _allocator_arg             100217f0     tbb_thread.obj
 0003:000017f1       _piecewise_construct       100217f1     tbb_thread.obj
 0003:000017f2       _allocator_arg             100217f2     concurrent_monitor.obj
 0003:000017f3       _piecewise_construct       100217f3     concurrent_monitor.obj
 0003:000017f4       _allocator_arg             100217f4     semaphore.obj
 0003:000017f5       _piecewise_construct       100217f5     semaphore.obj
 0003:000017f6       _allocator_arg             100217f6     private_server.obj
 0003:000017f7       _piecewise_construct       100217f7     private_server.obj
 0003:000017f8       _allocator_arg             100217f8     rml_tbb.obj
 0003:000017f9       _piecewise_construct       100217f9     rml_tbb.obj
 0003:000017fa       _allocator_arg             100217fa     tbb_misc.obj
 0003:000017fb       _piecewise_construct       100217fb     tbb_misc.obj
 0003:000017fc       _allocator_arg             100217fc     tbb_misc_ex.obj
 0003:000017fd       _piecewise_construct       100217fd     tbb_misc_ex.obj
 0003:000017fe       _allocator_arg             100217fe     task.obj
 0003:000017ff       _piecewise_construct       100217ff     task.obj
 0003:00001800       _allocator_arg             10021800     task_group_context.obj
 0003:00001801       _piecewise_construct       10021801     task_group_context.obj
 0003:00001802       _allocator_arg             10021802     governor.obj
 0003:00001803       _piecewise_construct       10021803     governor.obj
 0003:00001804       _allocator_arg             10021804     market.obj
 0003:00001805       _piecewise_construct       10021805     market.obj
 0003:00001806       __Tuple_alloc              10021806     arena.obj
 0003:00001807       _ignore                    10021807     arena.obj
 0003:00001808       _allocator_arg             10021808     arena.obj
 0003:00001809       _piecewise_construct       10021809     arena.obj
 0003:0000180b       _allocator_arg             1002180b     scheduler.obj
 0003:0000180c       _piecewise_construct       1002180c     scheduler.obj
 0003:0000180d       _allocator_arg             1002180d     observer_proxy.obj
 0003:0000180e       _piecewise_construct       1002180e     observer_proxy.obj
 0003:0000180f       _allocator_arg             1002180f     tbb_statistics.obj
 0003:00001890       _piecewise_construct       10021890     tbb_statistics.obj
 0003:00001892       _allocator_arg             10021892     tbb_main.obj
 0003:00001893       _piecewise_construct       10021893     tbb_main.obj
 0003:00001894       _allocator_arg             10021894     concurrent_vector_v2.obj
 0003:00001895       _piecewise_construct       10021895     concurrent_vector_v2.obj
 0003:00001896       _allocator_arg             10021896     concurrent_queue_v2.obj
 0003:00001897       _piecewise_construct       10021897     concurrent_queue_v2.obj
 0003:00001898       _allocator_arg             10021898     spin_rw_mutex_v2.obj
 0003:00001899       _piecewise_construct       10021899     spin_rw_mutex_v2.obj
 0003:0000189a       _allocator_arg             1002189a     task_v2.obj
 0003:0000189b       _piecewise_construct       1002189b     task_v2.obj
 0003:0000189c       _allocator_arg             1002189c     x86_rtm_rw_mutex.obj
 0003:0000189d       _piecewise_construct       1002189d     x86_rtm_rw_mutex.obj
 0003:0000189e       _ITT_Present               1002189e     tbb_main.obj
 0003:0000189f       _ITT_InitializationDone    1002189f     tbb_main.obj
 0003:000018a0       _invalid_page              100218a0     concurrent_queue.obj
 0003:000018a4       _initialization_state      100218a4     cache_aligned_allocator.obj
 0003:000018a8       _ap_data                   100218a8     dynamic_link.obj
 0003:000019b4       _condvar_api_state         100219b4     condition_variable.obj
 0003:000019b8       _assertion_handler         100219b8     tbb_misc.obj
 0003:000019bc       _hardware_concurrency_info 100219bc     tbb_misc_ex.obj
 0003:000019c0       _cilkrts_load_state        100219c0     governor.obj
 0003:000019c8       ?env_buff@?1??__itt_get_env_var@@YAPBDPBD@Z@4PADA 100219c8     itt_notify.obj
 0003:000029c0       ?current_thread@?1??__itt_fini_ittlib@@9@4KC 100229c0     itt_notify.obj
 0003:000029c4       ?current_thread@?1??__itt_init_ittlib@@9@4KC 100229c4     itt_notify.obj
 0003:000029d0       ?already_failed@?6??assertion_failure@tbb@@YAXPBDH00@Z@4_NA 100229d0     tbb_misc.obj
 0004:00000060       $R000000                   10023060     tbb_resource.res
